core_cm4.h:2064:26:uint32_t ITM_SendChar(uint32_t)	16	static,ignoring_inline_asm
gthr-default.h:229:1:int __gthread_key_delete(__gthread_key_t)	16	static
main.cpp:77:5:int main()	8	static
main.cpp:157:6:void SystemClock_Config()	88	static
main.cpp:201:13:void MX_TIM2_Init()	32	static
main.cpp:246:13:void MX_GPIO_Init()	48	static
main.cpp:299:6:void StartDefaultTask(void*)	16	static
main.cpp:326:6:void HAL_TIM_PeriodElapsedCallback(TIM_HandleTypeDef*)	16	static
main.cpp:345:6:void Error_Handler()	4	static,ignoring_inline_asm
