char_traits.h:315:7:static int std::char_traits<char>::compare(const char_type*, const char_type*, std::size_t)	24	static
gthr-default.h:229:1:int __gthread_key_delete(__gthread_key_t)	16	static
motor.cpp:13:6:void MOTOR::CalSpeed(std::string)	16	static
motor.cpp:44:6:void MOTOR::SetPosition(int)	16	static
motor.cpp:50:6:void MOTOR::SetSpeed(float)	16	static
motor.cpp:61:6:void MOTOR::OnEdge()	24	static
motor.cpp:88:6:void MOTOR::OnEdge(uint16_t)	16	static
motor.cpp:96:5:int MOTOR::Position()	16	static
motor.cpp:101:7:float MOTOR::Speed()	16	static
motor.cpp:106:6:void MOTOR::SetVoltage(float)	16	static
motor.cpp:125:1:MOTOR::MOTOR(std::string, GPIO_TypeDef*, uint16_t, GPIO_TypeDef*, uint16_t, GPIO_TypeDef*, uint16_t, GPIO_TypeDef*, uint16_t)	56	static
motor.cpp:188:1:MOTOR::~MOTOR()	16	static
motor.cpp:195:6:void MOTOR::OnPosPID()	16	static
motor.cpp:211:6:void MOTOR::OnSpeedPID()	16	static
basic_string.h:6188:5:bool std::operator!=(const std::__cxx11::basic_string<_CharT, _Traits, _Alloc>&, const std::__cxx11::basic_string<_CharT, _Traits, _Alloc>&) [with _CharT = char; _Traits = std::char_traits<char>; _Alloc = std::allocator<char>]	16	static
basic_string.h:6149:5:typename __gnu_cxx::__enable_if<std::__is_char<_Tp>::__value, bool>::__type std::operator==(const std::__cxx11::basic_string<_CharT>&, const std::__cxx11::basic_string<_CharT>&) [with _CharT = char]	24	static
motor.cpp:223:1:void __static_initialization_and_destruction_0(int, int)	72	static
motor.cpp:223:1:cpp)	8	static
motor.cpp:223:1:cpp)	8	static
