Component: ARM Compiler 5.06 update 7 (build 960) Tool: armlink [4d3601]

==============================================================================

Section Cross References

    startup_stm32f407xx.o(STACK) refers (Special) to heapauxi.o(.text) for __use_two_region_memory
    startup_stm32f407xx.o(HEAP) refers (Special) to heapauxi.o(.text) for __use_two_region_memory
    startup_stm32f407xx.o(RESET) refers (Special) to heapauxi.o(.text) for __use_two_region_memory
    startup_stm32f407xx.o(RESET) refers to startup_stm32f407xx.o(STACK) for __initial_sp
    startup_stm32f407xx.o(RESET) refers to startup_stm32f407xx.o(.text) for Reset_Handler
    startup_stm32f407xx.o(RESET) refers to stm32f4xx_it.o(i.NMI_Handler) for NMI_Handler
    startup_stm32f407xx.o(RESET) refers to stm32f4xx_it.o(i.HardFault_Handler) for HardFault_Handler
    startup_stm32f407xx.o(RESET) refers to stm32f4xx_it.o(i.MemManage_Handler) for MemManage_Handler
    startup_stm32f407xx.o(RESET) refers to stm32f4xx_it.o(i.BusFault_Handler) for BusFault_Handler
    startup_stm32f407xx.o(RESET) refers to stm32f4xx_it.o(i.UsageFault_Handler) for UsageFault_Handler
    startup_stm32f407xx.o(RESET) refers to stm32f4xx_it.o(i.SVC_Handler) for SVC_Handler
    startup_stm32f407xx.o(RESET) refers to stm32f4xx_it.o(i.DebugMon_Handler) for DebugMon_Handler
    startup_stm32f407xx.o(RESET) refers to stm32f4xx_it.o(i.PendSV_Handler) for PendSV_Handler
    startup_stm32f407xx.o(RESET) refers to stm32f4xx_it.o(i.SysTick_Handler) for SysTick_Handler
    startup_stm32f407xx.o(RESET) refers to stm32f4xx_it.o(i.EXTI0_IRQHandler) for EXTI0_IRQHandler
    startup_stm32f407xx.o(RESET) refers to stm32f4xx_it.o(i.EXTI1_IRQHandler) for EXTI1_IRQHandler
    startup_stm32f407xx.o(RESET) refers to stm32f4xx_it.o(i.TIM2_IRQHandler) for TIM2_IRQHandler
    startup_stm32f407xx.o(RESET) refers to stm32f4xx_it.o(i.TIM3_IRQHandler) for TIM3_IRQHandler
    startup_stm32f407xx.o(.text) refers (Special) to heapauxi.o(.text) for __use_two_region_memory
    startup_stm32f407xx.o(.text) refers to system_stm32f4xx.o(i.SystemInit) for SystemInit
    startup_stm32f407xx.o(.text) refers to __main.o(!!!main) for __main
    startup_stm32f407xx.o(.text) refers to startup_stm32f407xx.o(HEAP) for Heap_Mem
    startup_stm32f407xx.o(.text) refers to startup_stm32f407xx.o(STACK) for Stack_Mem
    main.o(i._Z18SystemClock_Configv) refers to rt_memclr_w.o(.text) for __aeabi_memclr4
    main.o(i._Z18SystemClock_Configv) refers to stm32f4xx_hal_rcc.o(i.HAL_RCC_OscConfig) for HAL_RCC_OscConfig
    main.o(i._Z18SystemClock_Configv) refers to stm32f4xx_hal_rcc.o(i.HAL_RCC_ClockConfig) for HAL_RCC_ClockConfig
    main.o(i._ZN25_INTERNAL_8_main_cpp_main12MX_GPIO_InitEv) refers to rt_memclr_w.o(.text) for __aeabi_memclr4
    main.o(i._ZN25_INTERNAL_8_main_cpp_main12MX_GPIO_InitEv) refers to stm32f4xx_hal_gpio.o(i.HAL_GPIO_WritePin) for HAL_GPIO_WritePin
    main.o(i._ZN25_INTERNAL_8_main_cpp_main12MX_GPIO_InitEv) refers to stm32f4xx_hal_gpio.o(i.HAL_GPIO_Init) for HAL_GPIO_Init
    main.o(i._ZN25_INTERNAL_8_main_cpp_main12MX_GPIO_InitEv) refers to stm32f4xx_hal_cortex.o(i.HAL_NVIC_SetPriority) for HAL_NVIC_SetPriority
    main.o(i._ZN25_INTERNAL_8_main_cpp_main12MX_GPIO_InitEv) refers to stm32f4xx_hal_cortex.o(i.HAL_NVIC_EnableIRQ) for HAL_NVIC_EnableIRQ
    main.o(i._ZN25_INTERNAL_8_main_cpp_main12MX_TIM2_InitEv) refers to stm32f4xx_hal_tim.o(i.HAL_TIM_Base_Init) for HAL_TIM_Base_Init
    main.o(i._ZN25_INTERNAL_8_main_cpp_main12MX_TIM2_InitEv) refers to stm32f4xx_hal_tim.o(i.HAL_TIM_ConfigClockSource) for HAL_TIM_ConfigClockSource
    main.o(i._ZN25_INTERNAL_8_main_cpp_main12MX_TIM2_InitEv) refers to stm32f4xx_hal_tim_ex.o(i.HAL_TIMEx_MasterConfigSynchronization) for HAL_TIMEx_MasterConfigSynchronization
    main.o(i._ZN25_INTERNAL_8_main_cpp_main12MX_TIM2_InitEv) refers to main.o(.bss) for .bss
    main.o(i._ZN25_INTERNAL_8_main_cpp_main12MX_TIM3_InitEv) refers to stm32f4xx_hal_tim.o(i.HAL_TIM_Base_Init) for HAL_TIM_Base_Init
    main.o(i._ZN25_INTERNAL_8_main_cpp_main12MX_TIM3_InitEv) refers to stm32f4xx_hal_tim.o(i.HAL_TIM_ConfigClockSource) for HAL_TIM_ConfigClockSource
    main.o(i._ZN25_INTERNAL_8_main_cpp_main12MX_TIM3_InitEv) refers to stm32f4xx_hal_tim_ex.o(i.HAL_TIMEx_MasterConfigSynchronization) for HAL_TIMEx_MasterConfigSynchronization
    main.o(i._ZN25_INTERNAL_8_main_cpp_main12MX_TIM3_InitEv) refers to main.o(.bss) for .bss
    main.o(i.main) refers to _printf_percent.o(.ARM.Collect$$_printf_percent$$00000000) for _printf_percent
    main.o(i.main) refers to _printf_d.o(.ARM.Collect$$_printf_percent$$00000009) for _printf_d
    main.o(i.main) refers to _printf_dec.o(.text) for _printf_int_dec
    main.o(i.main) refers to stm32f4xx_hal.o(i.HAL_Init) for HAL_Init
    main.o(i.main) refers to main.o(i._Z18SystemClock_Configv) for SystemClock_Config()
    main.o(i.main) refers to main.o(i._ZN25_INTERNAL_8_main_cpp_main12MX_GPIO_InitEv) for [local to main_cpp]::MX_GPIO_Init()
[...]
    $v0                                      0x0800024c   Number         0  startup_stm32f407xx.o(.text)
    .text                                    0x0800028c   Section        0  h1_alloc.o(.text)
    .text                                    0x080002ea   Section      238  lludivv7m.o(.text)
    .text                                    0x080003d8   Section        0  noretval__2printf.o(.text)
    .text                                    0x080003f0   Section        0  __printf.o(.text)
    .text                                    0x08000458   Section        0  _printf_dec.o(.text)
    .text                                    0x080004d0   Section        0  aeabi_atexit.o(.text)
    .text                                    0x080004fe   Section       78  rt_memclr_w.o(.text)
    .text                                    0x0800054c   Section      128  strcmpv7m.o(.text)
    .text                                    0x080005cc   Section        0  heapauxi.o(.text)
    .text                                    0x080005d4   Section        0  init_aeabi.o(.text)
    .text                                    0x080005f8   Section        8  rt_heap_descriptor_intlibspace.o(.text)
    .text                                    0x08000600   Section        8  rt_ddtor_pointer_addr_intlibspace.o(.text)
    .text                                    0x08000608   Section        0  hguard.o(.text)
    .text                                    0x0800060c   Section        0  init_alloc.o(.text)
    .text                                    0x08000696   Section        0  h1_init.o(.text)
    .text                                    0x080006a4   Section        0  h1_free.o(.text)
    .text                                    0x080006f2   Section        0  _printf_intcommon.o(.text)
    .text                                    0x080007a4   Section        0  _printf_char_file.o(.text)
    .text                                    0x080007c8   Section        0  cxa_finalize.o(.text)
    .text                                    0x0800080c   Section        8  libspace.o(.text)
    .text                                    0x08000814   Section        0  h1_extend.o(.text)
    .text                                    0x08000848   Section        0  _printf_char_common.o(.text)
    _printf_input_char                       0x08000849   Thumb Code    10  _printf_char_common.o(.text)
    .text                                    0x08000878   Section        0  ferror.o(.text)
    .text                                    0x08000880   Section        0  initio.o(.text)
    .text                                    0x080009b8   Section        0  defsig_rtmem_outer.o(.text)
    .text                                    0x080009c6   Section        2  use_no_semi.o(.text)
    .text                                    0x080009c8   Section        0  indicate_semi.o(.text)
    .text                                    0x080009c8   Section       74  sys_stackheap_outer.o(.text)
    .text                                    0x08000a12   Section        0  flsbuf.o(.text)
    .text                                    0x08000be8   Section        0  setvbuf.o(.text)
    .text                                    0x08000c30   Section        0  fopen.o(.text)
    _freopen_locked                          0x08000c31   Thumb Code     0  fopen.o(.text)
    .text                                    0x08000d1c   Section        0  fclose.o(.text)
    .text                                    0x08000d68   Section        0  exit.o(.text)
    .text                                    0x08000d7a   Section        0  defsig_exit.o(.text)
    .text                                    0x08000d84   Section        0  defsig_rtred_outer.o(.text)
    .text                                    0x08000d94   Section        0  defsig_rtmem_inner.o(.text)
    .text                                    0x08000de4   Section        0  sys_exit.o(.text)
    .text                                    0x08000df0   Section        0  fseek.o(.text)
    .text                                    0x08000ee8   Section        0  stdio.o(.text)
    .text                                    0x08000fd8   Section        0  defsig_general.o(.text)
    .text                                    0x0800100c   Section        0  defsig_rtred_inner.o(.text)
    .text                                    0x08001040   Section        0  sys_wrch.o(.text)
    .text                                    0x0800104e   Section        0  ftell.o(.text)
    .text                                    0x08001090   Section        8  rt_errno_addr_intlibspace.o(.text)
    i.BusFault_Handler                       0x08001098   Section        0  stm32f4xx_it.o(i.BusFault_Handler)
    i.DebugMon_Handler                       0x0800109a   Section        0  stm32f4xx_it.o(i.DebugMon_Handler)
    i.EXTI0_IRQHandler                       0x0800109c   Section        0  stm32f4xx_it.o(i.EXTI0_IRQHandler)
    i.EXTI1_IRQHandler                       0x080010a2   Section        0  stm32f4xx_it.o(i.EXTI1_IRQHandler)
    i.HAL_Delay                              0x080010a8   Section        0  stm32f4xx_hal.o(i.HAL_Delay)
    i.HAL_GPIO_EXTI_Callback                 0x080010cc   Section        0  motor.o(i.HAL_GPIO_EXTI_Callback)
    i.HAL_GPIO_EXTI_IRQHandler               0x080010d8   Section        0  stm32f4xx_hal_gpio.o(i.HAL_GPIO_EXTI_IRQHandler)
    i.HAL_GPIO_Init                          0x080010f0   Section        0  stm32f4xx_hal_gpio.o(i.HAL_GPIO_Init)
    i.HAL_GPIO_ReadPin                       0x080012e0   Section        0  stm32f4xx_hal_gpio.o(i.HAL_GPIO_ReadPin)
    i.HAL_GPIO_TogglePin                     0x080012ea   Section        0  stm32f4xx_hal_gpio.o(i.HAL_GPIO_TogglePin)
    i.HAL_GPIO_WritePin                      0x080012fa   Section        0  stm32f4xx_hal_gpio.o(i.HAL_GPIO_WritePin)
    i.HAL_GetTick                            0x08001304   Section        0  stm32f4xx_hal.o(i.HAL_GetTick)
    i.HAL_IncTick                            0x08001310   Section        0  stm32f4xx_hal.o(i.HAL_IncTick)
    i.HAL_Init                               0x08001320   Section        0  stm32f4xx_hal.o(i.HAL_Init)
    i.HAL_InitTick                           0x08001354   Section        0  stm32f4xx_hal.o(i.HAL_InitTick)
    i.HAL_MspInit                            0x08001394   Section        0  stm32f4xx_hal_msp.o(i.HAL_MspInit)
    i.HAL_NVIC_EnableIRQ                     0x080013c4   Section        0  stm32f4xx_hal_cortex.o(i.HAL_NVIC_EnableIRQ)
    i.HAL_NVIC_SetPriority                   0x080013e0   Section        0  stm32f4xx_hal_cortex.o(i.HAL_NVIC_SetPriority)
    i.HAL_NVIC_SetPriorityGrouping           0x08001420   Section        0  stm32f4xx_hal_cortex.o(i.HAL_NVIC_SetPriorityGrouping)
    i.HAL_RCC_ClockConfig                    0x08001444   Section        0  stm32f4xx_hal_rcc.o(i.HAL_RCC_ClockConfig)
    i.HAL_RCC_GetSysClockFreq                0x08001578   Section        0  stm32f4xx_hal_rcc.o(i.HAL_RCC_GetSysClockFreq)
    i.HAL_RCC_OscConfig                      0x080015dc   Section        0  stm32f4xx_hal_rcc.o(i.HAL_RCC_OscConfig)
    i.HAL_SYSTICK_Config                     0x08001948   Section        0  stm32f4xx_hal_cortex.o(i.HAL_SYSTICK_Config)
    i.HAL_TIMEx_BreakCallback                0x08001970   Section        0  stm32f4xx_hal_tim_ex.o(i.HAL_TIMEx_BreakCallback)
    i.HAL_TIMEx_CommutCallback               0x08001972   Section        0  stm32f4xx_hal_tim_ex.o(i.HAL_TIMEx_CommutCallback)
    i.HAL_TIMEx_MasterConfigSynchronization  0x08001974   Section        0  stm32f4xx_hal_tim_ex.o(i.HAL_TIMEx_MasterConfigSynchronization)
    i.HAL_TIM_Base_Init                      0x08001a04   Section        0  stm32f4xx_hal_tim.o(i.HAL_TIM_Base_Init)
    i.HAL_TIM_Base_MspInit                   0x08001a60   Section        0  stm32f4xx_hal_msp.o(i.HAL_TIM_Base_MspInit)
    i.HAL_TIM_Base_Start_IT                  0x08001ac0   Section        0  stm32f4xx_hal_tim.o(i.HAL_TIM_Base_Start_IT)
    i.HAL_TIM_ConfigClockSource              0x08001b40   Section        0  stm32f4xx_hal_tim.o(i.HAL_TIM_ConfigClockSource)
    i.HAL_TIM_IC_CaptureCallback             0x08001c1c   Section        0  stm32f4xx_hal_tim.o(i.HAL_TIM_IC_CaptureCallback)
    i.HAL_TIM_IRQHandler                     0x08001c1e   Section        0  stm32f4xx_hal_tim.o(i.HAL_TIM_IRQHandler)
    i.HAL_TIM_OC_DelayElapsedCallback        0x08001d84   Section        0  stm32f4xx_hal_tim.o(i.HAL_TIM_OC_DelayElapsedCallback)
    i.HAL_TIM_PWM_PulseFinishedCallback      0x08001d86   Section        0  stm32f4xx_hal_tim.o(i.HAL_TIM_PWM_PulseFinishedCallback)
    i.HAL_TIM_PeriodElapsedCallback          0x08001d88   Section        0  motor.o(i.HAL_TIM_PeriodElapsedCallback)
    i.HAL_TIM_TriggerCallback                0x08001de4   Section        0  stm32f4xx_hal_tim.o(i.HAL_TIM_TriggerCallback)
    i.HardFault_Handler                      0x08001de6   Section        0  stm32f4xx_it.o(i.HardFault_Handler)
    i.MemManage_Handler                      0x08001de8   Section        0  stm32f4xx_it.o(i.MemManage_Handler)
    i.NMI_Handler                            0x08001dea   Section        0  stm32f4xx_it.o(i.NMI_Handler)
    i.PendSV_Handler                         0x08001dec   Section        0  stm32f4xx_it.o(i.PendSV_Handler)
    i.SVC_Handler                            0x08001dee   Section        0  stm32f4xx_it.o(i.SVC_Handler)
    i.SysTick_Handler                        0x08001df0   Section        0  stm32f4xx_it.o(i.SysTick_Handler)
    i.SystemInit                             0x08001df4   Section        0  system_stm32f4xx.o(i.SystemInit)
    i.TIM2_IRQHandler                        0x08001e04   Section        0  stm32f4xx_it.o(i.TIM2_IRQHandler)
    i.TIM3_IRQHandler                        0x08001e10   Section        0  stm32f4xx_it.o(i.TIM3_IRQHandler)
    i.TIM_Base_SetConfig                     0x08001e1c   Section        0  stm32f4xx_hal_tim.o(i.TIM_Base_SetConfig)
    i.TIM_ETR_SetConfig                      0x08001ee4   Section        0  stm32f4xx_hal_tim.o(i.TIM_ETR_SetConfig)
    i.UsageFault_Handler                     0x08001ef8   Section        0  stm32f4xx_it.o(i.UsageFault_Handler)
    i._Z10PWM_Updatev                        0x08001efc   Section        0  pwm.o(i._Z10PWM_Updatev)
    i._Z11PWM_SetFreqP12GPIO_TypeDeftfj      0x08001f68   Section        0  pwm.o(i._Z11PWM_SetFreqP12GPIO_TypeDeftfj)
    i._Z12ITM_SendChari                      0x08002008   Section        0  retarget_io.o(i._Z12ITM_SendChari)
    i._Z13PWM_Init_NodeP3PWMtP12GPIO_TypeDeffj 0x0800202c   Section        0  pwm.o(i._Z13PWM_Init_NodeP3PWMtP12GPIO_TypeDeffj)
    i._Z18SystemClock_Configv                0x08002074   Section        0  main.o(i._Z18SystemClock_Configv)
    i._Z8PWM_Initv                           0x08002108   Section        0  pwm.o(i._Z8PWM_Initv)
    i._ZN25_INTERNAL_8_main_cpp_main12MX_GPIO_InitEv 0x08002120   Section        0  main.o(i._ZN25_INTERNAL_8_main_cpp_main12MX_GPIO_InitEv)
    [local to main_cpp]::MX_GPIO_Init()      0x08002121   Thumb Code   200  main.o(i._ZN25_INTERNAL_8_main_cpp_main12MX_GPIO_InitEv)
    i._ZN25_INTERNAL_8_main_cpp_main12MX_TIM2_InitEv 0x080021f8   Section        0  main.o(i._ZN25_INTERNAL_8_main_cpp_main12MX_TIM2_InitEv)
    [local to main_cpp]::MX_TIM2_Init()      0x080021f9   Thumb Code    96  main.o(i._ZN25_INTERNAL_8_main_cpp_main12MX_TIM2_InitEv)
    i._ZN25_INTERNAL_8_main_cpp_main12MX_TIM3_InitEv 0x0800225c   Section        0  main.o(i._ZN25_INTERNAL_8_main_cpp_main12MX_TIM3_InitEv)
    [local to main_cpp]::MX_TIM3_Init()      0x0800225d   Thumb Code    96  main.o(i._ZN25_INTERNAL_8_main_cpp_main12MX_TIM3_InitEv)
    i._ZN3PID6SetAIMEd                       0x080022c4   Section        0  pid.o(i._ZN3PID6SetAIMEd)
    i._ZN3PID6UpdateEd                       0x080022cc   Section        0  pid.o(i._ZN3PID6UpdateEd)
    i._ZN3PIDC1Eddd                          0x080023b0   Section        0  pid.o(i._ZN3PIDC1Eddd)
    i._ZN3PIDD1Ev                            0x080023d4   Section        0  pid.o(i._ZN3PIDD1Ev)
    i._ZN41_INTERNAL_19_stm32f4xx_hal_tim_c_a9d95b5218TIM_ITRx_SetConfigEP11TIM_TypeDefj 0x080023d6   Section        0  stm32f4xx_hal_tim.o(i._ZN41_INTERNAL_19_stm32f4xx_hal_tim_c_a9d95b5218TIM_ITRx_SetConfigEP11TIM_TypeDefj)
    [local to stm32f4xx_hal_tim_c]::TIM_ITRx_SetConfig(TIM_TypeDef*, unsigned) 0x080023d7   Thumb Code    16  stm32f4xx_hal_tim.o(i._ZN41_INTERNAL_19_stm32f4xx_hal_tim_c_a9d95b5218TIM_ITRx_SetConfigEP11TIM_TypeDefj)
    i._ZN41_INTERNAL_19_stm32f4xx_hal_tim_c_a9d95b5224TIM_TI1_ConfigInputStageEP11TIM_TypeDefjj 0x080023e6   Section        0  stm32f4xx_hal_tim.o(i._ZN41_INTERNAL_19_stm32f4xx_hal_tim_c_a9d95b5224TIM_TI1_ConfigInputStageEP11TIM_TypeDefjj)
    [local to stm32f4xx_hal_tim_c]::TIM_TI1_ConfigInputStage(TIM_TypeDef*, unsigned, unsigned) 0x080023e7   Thumb Code    34  stm32f4xx_hal_tim.o(i._ZN41_INTERNAL_19_stm32f4xx_hal_tim_c_a9d95b5224TIM_TI1_ConfigInputStageEP11TIM_TypeDefjj)
    i._ZN41_INTERNAL_19_stm32f4xx_hal_tim_c_a9d95b5224TIM_TI2_ConfigInputStageEP11TIM_TypeDefjj 0x08002408   Section        0  stm32f4xx_hal_tim.o(i._ZN41_INTERNAL_19_stm32f4xx_hal_tim_c_a9d95b5224TIM_TI2_ConfigInputStageEP11TIM_TypeDefjj)
    [local to stm32f4xx_hal_tim_c]::TIM_TI2_ConfigInputStage(TIM_TypeDef*, unsigned, unsigned) 0x08002409   Thumb Code    36  stm32f4xx_hal_tim.o(i._ZN41_INTERNAL_19_stm32f4xx_hal_tim_c_a9d95b5224TIM_TI2_ConfigInputStageEP11TIM_TypeDefjj)
    i._ZN44_INTERNAL_22_stm32f4xx_hal_cortex_c_2992dbc018__NVIC_SetPriorityE9IRQn_Typej 0x0800242c   Section        0  stm32f4xx_hal_cortex.o(i._ZN44_INTERNAL_22_stm32f4xx_hal_cortex_c_2992dbc018__NVIC_SetPriorityE9IRQn_Typej)
    [local to stm32f4xx_hal_cortex_c]::__NVIC_SetPriority(IRQn_Type, unsigned) 0x0800242d   Thumb Code    32  stm32f4xx_hal_cortex.o(i._ZN44_INTERNAL_22_stm32f4xx_hal_cortex_c_2992dbc018__NVIC_SetPriorityE9IRQn_Typej)
    i._ZN5MOTOR10SetVoltageEf                0x0800244c   Section        0  motor.o(i._ZN5MOTOR10SetVoltageEf)
    i._ZN5MOTOR11SetPositionEi               0x080024d4   Section        0  motor.o(i._ZN5MOTOR11SetPositionEi)
    i._ZN5MOTOR6OnEdgeEv                     0x080024f0   Section        0  motor.o(i._ZN5MOTOR6OnEdgeEv)
    i._ZN5MOTOR8PositionEv                   0x08002588   Section        0  motor.o(i._ZN5MOTOR8PositionEv)
    i._ZN5MOTORC1EP12GPIO_TypeDeftS1_tS1_tS1_t 0x0800258c   Section        0  motor.o(i._ZN5MOTORC1EP12GPIO_TypeDeftS1_tS1_tS1_t)
    i._ZN5MOTORD1Ev                          0x080025f0   Section        0  motor.o(i._ZN5MOTORD1Ev)
    i.__sti___9_motor_cpp_states             0x080025f4   Section        0  motor.o(i.__sti___9_motor_cpp_states)
    __sti___9_motor_cpp_states               0x080025f5   Thumb Code   106  motor.o(i.__sti___9_motor_cpp_states)
    i._sys_close                             0x080026a0   Section        0  retarget_io.o(i._sys_close)
    i._sys_flen                              0x080026b8   Section        0  retarget_io.o(i._sys_flen)
    i._sys_istty                             0x080026c4   Section        0  retarget_io.o(i._sys_istty)
    i._sys_open                              0x080026dc   Section        0  retarget_io.o(i._sys_open)
    i._sys_seek                              0x08002738   Section        0  retarget_io.o(i._sys_seek)
    i._sys_write                             0x0800273e   Section        0  retarget_io.o(i._sys_write)
    i.fputc                                  0x0800277a   Section        0  fputc.o(i.fputc)
    i.main                                   0x08002794   Section        0  main.o(i.main)
    x$fpl$dadd                               0x08002808   Section      336  daddsub_clz.o(x$fpl$dadd)
    $v0                                      0x08002808   Number         0  daddsub_clz.o(x$fpl$dadd)
    _dadd1                                   0x08002819   Thumb Code     0  daddsub_clz.o(x$fpl$dadd)
    x$fpl$dcmpinf                            0x08002958   Section       24  dcmpi.o(x$fpl$dcmpinf)
    $v0                                      0x08002958   Number         0  dcmpi.o(x$fpl$dcmpinf)
    x$fpl$dfix                               0x08002970   Section       94  dfix.o(x$fpl$dfix)
    $v0                                      0x08002970   Number         0  dfix.o(x$fpl$dfix)
    x$fpl$dflt                               0x080029ce   Section       46  dflt_clz.o(x$fpl$dflt)
    $v0                                      0x080029ce   Number         0  dflt_clz.o(x$fpl$dflt)
    x$fpl$dleqf                              0x080029fc   Section      120  dleqf.o(x$fpl$dleqf)
    $v0                                      0x080029fc   Number         0  dleqf.o(x$fpl$dleqf)
    x$fpl$dmul                               0x08002a74   Section      340  dmul.o(x$fpl$dmul)
    $v0                                      0x08002a74   Number         0  dmul.o(x$fpl$dmul)
    x$fpl$dnaninf                            0x08002bc8   Section      156  dnaninf.o(x$fpl$dnaninf)
    $v0                                      0x08002bc8   Number         0  dnaninf.o(x$fpl$dnaninf)
    x$fpl$dretinf                            0x08002c64   Section       12  dretinf.o(x$fpl$dretinf)
    $v0                                      0x08002c64   Number         0  dretinf.o(x$fpl$dretinf)
    x$fpl$drleqf                             0x08002c70   Section      108  drleqf.o(x$fpl$drleqf)
    $v0                                      0x08002c70   Number         0  drleqf.o(x$fpl$drleqf)
    x$fpl$dsub                               0x08002cdc   Section      468  daddsub_clz.o(x$fpl$dsub)
    $v0                                      0x08002cdc   Number         0  daddsub_clz.o(x$fpl$dsub)
    _dsub1                                   0x08002ced   Thumb Code     0  daddsub_clz.o(x$fpl$dsub)
    x$fpl$fpinit                             0x08002eb0   Section       10  fpinit.o(x$fpl$fpinit)
    $v0                                      0x08002eb0   Number         0  fpinit.o(x$fpl$fpinit)
    .constdata                               0x08002eba   Section       16  system_stm32f4xx.o(.constdata)
    x$fpl$usenofp                            0x08002eba   Section        0  usenofp.o(x$fpl$usenofp)
    .constdata                               0x08002eca   Section        7  retarget_io.o(.constdata)
    .constdata                               0x08002ed1   Section        8  retarget_io.o(.constdata)
    .constdata                               0x08002ed9   Section        8  retarget_io.o(.constdata)
    .init_array                              0x08002f04   Section        4  motor.o(.init_array)
    .init_array                              0x08002f08   Section        0  init_aeabi.o(.init_array)
    .data                                    0x20000000   Section       12  stm32f4xx_hal.o(.data)
    .data                                    0x2000000c   Section        4  system_stm32f4xx.o(.data)
    .data                                    0x20000010   Section       16  motor.o(.data)
    MOTOR::OnEdge()::newState                0x20000010   Data           1  motor.o(.data)
    MOTOR::OnEdge()::move                    0x20000011   Data           1  motor.o(.data)
    .data                                    0x20000020   Section        4  pwm.o(.data)
    .data                                    0x20000024   Section        4  stdio_streams.o(.data)
    .data                                    0x20000028   Section        4  stdio_streams.o(.data)
    .data                                    0x2000002c   Section        4  stdio_streams.o(.data)
    .bss                                     0x20000030   Section      144  main.o(.bss)
    .bss                                     0x200000c0   Section      176  motor.o(.bss)
    .bss                                     0x20000170   Section       84  stdio_streams.o(.bss)
    .bss                                     0x200001c4   Section       84  stdio_streams.o(.bss)
    .bss                                     0x20000218   Section       84  stdio_streams.o(.bss)
    .bss                                     0x2000026c   Section       96  libspace.o(.bss)
    HEAP                                     0x200002d0   Section      512  startup_stm32f407xx.o(HEAP)
    Heap_Mem                                 0x200002d0   Data         512  startup_stm32f407xx.o(HEAP)
    STACK                                    0x200004d0   Section     1024  startup_stm32f407xx.o(STACK)
    Stack_Mem                                0x200004d0   Data        1024  startup_stm32f407xx.o(STACK)
    __initial_sp                             0x200008d0   Data           0  startup_stm32f407xx.o(STACK)

    Global Symbols

    Symbol Name                              Value     Ov Type        Size  Object(Section)

    BuildAttributes$$THM_ISAv4$E$P$D$K$B$S$7EM$VFPi3$EXTD16$VFPS$VFMA$PE$A:L22UL41UL21$X:L11$S22US41US21$IEEE1$IW$USESV6$~STKCKD$USESV7$~SHL$OTIME$ROPI$EBA8$UX$STANDARDLIB$REQ8$PRES8$EABIv2 0x00000000   Number         0  anon$$obj.o ABSOLUTE
    __ARM_use_no_argv                        0x00000000   Number         0  main.o ABSOLUTE
    __ARM_exceptions_init                     - Undefined Weak Reference
    __alloca_initialize                       - Undefined Weak Reference
    __arm_fini_                               - Undefined Weak Reference
    __arm_preinit_                            - Undefined Weak Reference
    __rt_locale                               - Undefined Weak Reference
    __sigvec_lookup                           - Undefined Weak Reference
    __user_heap_extent                        - Undefined Weak Reference
    _atexit_init                              - Undefined Weak Reference
    _call_atexit_fns                          - Undefined Weak Reference
    _clock_init                               - Undefined Weak Reference
    _fp_trap_init                             - Undefined Weak Reference
    _fp_trap_shutdown                         - Undefined Weak Reference
    _get_lc_collate                           - Undefined Weak Reference
    _get_lc_ctype                             - Undefined Weak Reference
    _get_lc_monetary                          - Undefined Weak Reference
    _get_lc_numeric                           - Undefined Weak Reference
    _get_lc_time                              - Undefined Weak Reference
    _getenv_init                              - Undefined Weak Reference
    _handle_redirection                       - Undefined Weak Reference
    _mutex_acquire                            - Undefined Weak Reference
    _mutex_free                               - Undefined Weak Reference
    _mutex_release                            - Undefined Weak Reference
    _printf_post_padding                      - Undefined Weak Reference
    _printf_pre_padding                       - Undefined Weak Reference
    _printf_truncate_signed                   - Undefined Weak Reference
    _printf_truncate_unsigned                 - Undefined Weak Reference
    _rand_init                                - Undefined Weak Reference
    _signal_finish                            - Undefined Weak Reference
    _signal_init                              - Undefined Weak Reference
    __Vectors_Size                           0x00000188   Number         0  startup_stm32f407xx.o ABSOLUTE
    __Vectors                                0x08000000   Data           4  startup_stm32f407xx.o(RESET)
    __dso_handle                             0x08000000   Number         0  startup_stm32f407xx.o(RESET)
    __Vectors_End                            0x08000188   Data           0  startup_stm32f407xx.o(RESET)
    __main                                   0x08000189   Thumb Code     8  __main.o(!!!main)
    __scatterload                            0x08000191   Thumb Code     0  __scatter.o(!!!scatter)
    __scatterload_rt2                        0x08000191   Thumb Code    44  __scatter.o(!!!scatter)
    __scatterload_rt2_thumb_only             0x08000191   Thumb Code     0  __scatter.o(!!!scatter)
    __scatterload_null                       0x0800019f   Thumb Code     0  __scatter.o(!!!scatter)
    __scatterload_copy                       0x080001c5   Thumb Code    26  __scatter_copy.o(!!handler_copy)
    __scatterload_zeroinit                   0x080001e1   Thumb Code    28  __scatter_zi.o(!!handler_zi)
    _printf_d                                0x080001fd   Thumb Code     0  _printf_d.o(.ARM.Collect$$_printf_percent$$00000009)
    _printf_percent                          0x080001fd   Thumb Code     0  _printf_percent.o(.ARM.Collect$$_printf_percent$$00000000)
    _printf_percent_end                      0x08000203   Thumb Code     0  _printf_percent_end.o(.ARM.Collect$$_printf_percent$$00000017)
    __rt_lib_init                            0x08000207   Thumb Code     0  libinit.o(.ARM.Collect$$libinit$$00000000)
    __rt_lib_init_fp_1                       0x08000209   Thumb Code     0  libinit2.o(.ARM.Collect$$libinit$$00000001)
    __rt_lib_init_heap_2                     0x0800020d   Thumb Code     0  libinit2.o(.ARM.Collect$$libinit$$00000005)
    __rt_lib_init_preinit_1                  0x0800020d   Thumb Code     0  libinit2.o(.ARM.Collect$$libinit$$00000004)
    __rt_lib_init_atexit_1                   0x08000215   Thumb Code     0  libinit2.o(.ARM.Collect$$libinit$$0000001B)
    __rt_lib_init_clock_1                    0x08000215   Thumb Code     0  libinit2.o(.ARM.Collect$$libinit$$00000021)
    __rt_lib_init_fp_trap_1                  0x08000215   Thumb Code     0  libinit2.o(.ARM.Collect$$libinit$$0000001F)
    __rt_lib_init_getenv_1                   0x08000215   Thumb Code     0  libinit2.o(.ARM.Collect$$libinit$$00000023)
    __rt_lib_init_heap_1                     0x08000215   Thumb Code     0  libinit2.o(.ARM.Collect$$libinit$$0000000A)
    __rt_lib_init_lc_collate_1               0x08000215   Thumb Code     0  libinit2.o(.ARM.Collect$$libinit$$00000011)
    __rt_lib_init_lc_ctype_1                 0x08000215   Thumb Code     0  libinit2.o(.ARM.Collect$$libinit$$00000013)
    __rt_lib_init_lc_monetary_1              0x08000215   Thumb Code     0  libinit2.o(.ARM.Collect$$libinit$$00000015)
    __rt_lib_init_lc_numeric_1               0x08000215   Thumb Code     0  libinit2.o(.ARM.Collect$$libinit$$00000017)
    __rt_lib_init_lc_time_1                  0x08000215   Thumb Code     0  libinit2.o(.ARM.Collect$$libinit$$00000019)
    __rt_lib_init_rand_1                     0x08000215   Thumb Code     0  libinit2.o(.ARM.Collect$$libinit$$0000000E)
    __rt_lib_init_signal_1                   0x08000215   Thumb Code     0  libinit2.o(.ARM.Collect$$libinit$$0000001D)
    __rt_lib_init_stdio_2                    0x08000215   Thumb Code     0  libinit2.o(.ARM.Collect$$libinit$$00000024)
    __rt_lib_init_user_alloc_1               0x08000215   Thumb Code     0  libinit2.o(.ARM.Collect$$libinit$$0000000C)
    __rt_lib_init_alloca_1                   0x08000219   Thumb Code     0  libinit2.o(.ARM.Collect$$libinit$$0000002E)
    __rt_lib_init_argv_1                     0x08000219   Thumb Code     0  libinit2.o(.ARM.Collect$$libinit$$0000002C)
    __rt_lib_init_cpp_2                      0x08000219   Thumb Code     0  libinit2.o(.ARM.Collect$$libinit$$00000031)
    __rt_lib_init_exceptions_1               0x08000219   Thumb Code     0  libinit2.o(.ARM.Collect$$libinit$$00000030)
    __rt_lib_init_stdio_1                    0x08000219   Thumb Code     0  libinit2.o(.ARM.Collect$$libinit$$00000025)
    __rt_lib_init_cpp_1                      0x0800021d   Thumb Code     0  libinit2.o(.ARM.Collect$$libinit$$00000032)
    __rt_lib_init_return                     0x0800021d   Thumb Code     0  libinit2.o(.ARM.Collect$$libinit$$00000033)
    __rt_lib_shutdown                        0x0800021f   Thumb Code     0  libshutdown.o(.ARM.Collect$$libshutdown$$00000000)
    __rt_lib_shutdown_cpp_2                  0x08000221   Thumb Code     0  libshutdown2.o(.ARM.Collect$$libshutdown$$00000003)
    __rt_lib_shutdown_fini_1                 0x08000221   Thumb Code     0  libshutdown2.o(.ARM.Collect$$libshutdown$$00000002)
    __rt_lib_shutdown_cpp_1                  0x08000227   Thumb Code     0  libshutdown2.o(.ARM.Collect$$libshutdown$$00000004)
    __rt_lib_shutdown_stdio_2                0x08000227   Thumb Code     0  libshutdown2.o(.ARM.Collect$$libshutdown$$00000005)
    __rt_lib_shutdown_fp_trap_1              0x0800022b   Thumb Code     0  libshutdown2.o(.ARM.Collect$$libshutdown$$00000009)
    __rt_lib_shutdown_heap_1                 0x0800022b   Thumb Code     0  libshutdown2.o(.ARM.Collect$$libshutdown$$00000011)
    __rt_lib_shutdown_return                 0x0800022b   Thumb Code     0  libshutdown2.o(.ARM.Collect$$libshutdown$$00000012)
    __rt_lib_shutdown_signal_1               0x0800022b   Thumb Code     0  libshutdown2.o(.ARM.Collect$$libshutdown$$0000000C)
    __rt_lib_shutdown_stdio_1                0x0800022b   Thumb Code     0  libshutdown2.o(.ARM.Collect$$libshutdown$$00000006)
    __rt_lib_shutdown_user_alloc_1           0x0800022b   Thumb Code     0  libshutdown2.o(.ARM.Collect$$libshutdown$$0000000E)
    __rt_entry                               0x0800022d   Thumb Code     0  __rtentry.o(.ARM.Collect$$rtentry$$00000000)
    __rt_entry_presh_1                       0x0800022d   Thumb Code     0  __rtentry2.o(.ARM.Collect$$rtentry$$00000002)
    __rt_entry_sh                            0x0800022d   Thumb Code     0  __rtentry4.o(.ARM.Collect$$rtentry$$00000004)
    __rt_entry_li                            0x08000233   Thumb Code     0  __rtentry2.o(.ARM.Collect$$rtentry$$0000000A)
    __rt_entry_postsh_1                      0x08000233   Thumb Code     0  __rtentry2.o(.ARM.Collect$$rtentry$$00000009)
    __rt_entry_main                          0x08000237   Thumb Code     0  __rtentry2.o(.ARM.Collect$$rtentry$$0000000D)
    __rt_entry_postli_1                      0x08000237   Thumb Code     0  __rtentry2.o(.ARM.Collect$$rtentry$$0000000C)
    __rt_exit                                0x0800023f   Thumb Code     0  rtexit.o(.ARM.Collect$$rtexit$$00000000)
    __rt_exit_ls                             0x08000241   Thumb Code     0  rtexit2.o(.ARM.Collect$$rtexit$$00000003)
    __rt_exit_prels_1                        0x08000241   Thumb Code     0  rtexit2.o(.ARM.Collect$$rtexit$$00000002)
    __rt_exit_exit                           0x08000245   Thumb Code     0  rtexit2.o(.ARM.Collect$$rtexit$$00000004)
    Reset_Handler                            0x0800024d   Thumb Code     8  startup_stm32f407xx.o(.text)
    _maybe_terminate_alloc                   0x0800024d   Thumb Code     0  maybetermalloc1.o(.emb_text)
    ADC_IRQHandler                           0x08000267   Thumb Code     0  startup_stm32f407xx.o(.text)
    CAN1_RX0_IRQHandler                      0x08000267   Thumb Code     0  startup_stm32f407xx.o(.text)
    CAN1_RX1_IRQHandler                      0x08000267   Thumb Code     0  startup_stm32f407xx.o(.text)
    CAN1_SCE_IRQHandler                      0x08000267   Thumb Code     0  startup_stm32f407xx.o(.text)
    CAN1_TX_IRQHandler                       0x08000267   Thumb Code     0  startup_stm32f407xx.o(.text)
    CAN2_RX0_IRQHandler                      0x08000267   Thumb Code     0  startup_stm32f407xx.o(.text)
    CAN2_RX1_IRQHandler                      0x08000267   Thumb Code     0  startup_stm32f407xx.o(.text)
    CAN2_SCE_IRQHandler                      0x08000267   Thumb Code     0  startup_stm32f407xx.o(.text)
    CAN2_TX_IRQHandler                       0x08000267   Thumb Code     0  startup_stm32f407xx.o(.text)
    DCMI_IRQHandler                          0x08000267   Thumb Code     0  startup_stm32f407xx.o(.text)
    DMA1_Stream0_IRQHandler                  0x08000267   Thumb Code     0  startup_stm32f407xx.o(.text)
    DMA1_Stream1_IRQHandler                  0x08000267   Thumb Code     0  startup_stm32f407xx.o(.text)
    DMA1_Stream2_IRQHandler                  0x08000267   Thumb Code     0  startup_stm32f407xx.o(.text)
    DMA1_Stream3_IRQHandler                  0x08000267   Thumb Code     0  startup_stm32f407xx.o(.text)
    DMA1_Stream4_IRQHandler                  0x08000267   Thumb Code     0  startup_stm32f407xx.o(.text)
    DMA1_Stream5_IRQHandler                  0x08000267   Thumb Code     0  startup_stm32f407xx.o(.text)
    DMA1_Stream6_IRQHandler                  0x08000267   Thumb Code     0  startup_stm32f407xx.o(.text)
    DMA1_Stream7_IRQHandler                  0x08000267   Thumb Code     0  startup_stm32f407xx.o(.text)
    DMA2_Stream0_IRQHandler                  0x08000267   Thumb Code     0  startup_stm32f407xx.o(.text)
    DMA2_Stream1_IRQHandler                  0x08000267   Thumb Code     0  startup_stm32f407xx.o(.text)
    DMA2_Stream2_IRQHandler                  0x08000267   Thumb Code     0  startup_stm32f407xx.o(.text)
    DMA2_Stream3_IRQHandler                  0x08000267   Thumb Code     0  startup_stm32f407xx.o(.text)
    DMA2_Stream4_IRQHandler                  0x08000267   Thumb Code     0  startup_stm32f407xx.o(.text)
    DMA2_Stream5_IRQHandler                  0x08000267   Thumb Code     0  startup_stm32f407xx.o(.text)
    DMA2_Stream6_IRQHandler                  0x08000267   Thumb Code     0  startup_stm32f407xx.o(.text)
    DMA2_Stream7_IRQHandler                  0x08000267   Thumb Code     0  startup_stm32f407xx.o(.text)
    ETH_IRQHandler                           0x08000267   Thumb Code     0  startup_stm32f407xx.o(.text)
    ETH_WKUP_IRQHandler                      0x08000267   Thumb Code     0  startup_stm32f407xx.o(.text)
    EXTI15_10_IRQHandler                     0x08000267   Thumb Code     0  startup_stm32f407xx.o(.text)
    EXTI2_IRQHandler                         0x08000267   Thumb Code     0  startup_stm32f407xx.o(.text)
    EXTI3_IRQHandler                         0x08000267   Thumb Code     0  startup_stm32f407xx.o(.text)
    EXTI4_IRQHandler                         0x08000267   Thumb Code     0  startup_stm32f407xx.o(.text)
    EXTI9_5_IRQHandler                       0x08000267   Thumb Code     0  startup_stm32f407xx.o(.text)
    FLASH_IRQHandler                         0x08000267   Thumb Code     0  startup_stm32f407xx.o(.text)
    FMC_IRQHandler                           0x08000267   Thumb Code     0  startup_stm32f407xx.o(.text)
    FPU_IRQHandler                           0x08000267   Thumb Code     0  startup_stm32f407xx.o(.text)
    HASH_RNG_IRQHandler                      0x08000267   Thumb Code     0  startup_stm32f407xx.o(.text)
    I2C1_ER_IRQHandler                       0x08000267   Thumb Code     0  startup_stm32f407xx.o(.text)
    I2C1_EV_IRQHandler                       0x08000267   Thumb Code     0  startup_stm32f407xx.o(.text)
    I2C2_ER_IRQHandler                       0x08000267   Thumb Code     0  startup_stm32f407xx.o(.text)
    I2C2_EV_IRQHandler                       0x08000267   Thumb Code     0  startup_stm32f407xx.o(.text)
    I2C3_ER_IRQHandler                       0x08000267   Thumb Code     0  startup_stm32f407xx.o(.text)
    I2C3_EV_IRQHandler                       0x08000267   Thumb Code     0  startup_stm32f407xx.o(.text)
    OTG_FS_IRQHandler                        0x08000267   Thumb Code     0  startup_stm32f407xx.o(.text)
    OTG_FS_WKUP_IRQHandler                   0x08000267   Thumb Code     0  startup_stm32f407xx.o(.text)
    OTG_HS_EP1_IN_IRQHandler                 0x08000267   Thumb Code     0  startup_stm32f407xx.o(.text)
    OTG_HS_EP1_OUT_IRQHandler                0x08000267   Thumb Code     0  startup_stm32f407xx.o(.text)
    OTG_HS_IRQHandler                        0x08000267   Thumb Code     0  startup_stm32f407xx.o(.text)
    OTG_HS_WKUP_IRQHandler                   0x08000267   Thumb Code     0  startup_stm32f407xx.o(.text)
    PVD_IRQHandler                           0x08000267   Thumb Code     0  startup_stm32f407xx.o(.text)
    RCC_IRQHandler                           0x08000267   Thumb Code     0  startup_stm32f407xx.o(.text)
    RTC_Alarm_IRQHandler                     0x08000267   Thumb Code     0  startup_stm32f407xx.o(.text)
    RTC_WKUP_IRQHandler                      0x08000267   Thumb Code     0  startup_stm32f407xx.o(.text)
    SDIO_IRQHandler                          0x08000267   Thumb Code     0  startup_stm32f407xx.o(.text)
    SPI1_IRQHandler                          0x08000267   Thumb Code     0  startup_stm32f407xx.o(.text)
    SPI2_IRQHandler                          0x08000267   Thumb Code     0  startup_stm32f407xx.o(.text)
    SPI3_IRQHandler                          0x08000267   Thumb Code     0  startup_stm32f407xx.o(.text)
    TAMP_STAMP_IRQHandler                    0x08000267   Thumb Code     0  startup_stm32f407xx.o(.text)
    TIM1_BRK_TIM9_IRQHandler                 0x08000267   Thumb Code     0  startup_stm32f407xx.o(.text)
    TIM1_CC_IRQHandler                       0x08000267   Thumb Code     0  startup_stm32f407xx.o(.text)
    TIM1_TRG_COM_TIM11_IRQHandler            0x08000267   Thumb Code     0  startup_stm32f407xx.o(.text)
    TIM1_UP_TIM10_IRQHandler                 0x08000267   Thumb Code     0  startup_stm32f407xx.o(.text)
    TIM4_IRQHandler                          0x08000267   Thumb Code     0  startup_stm32f407xx.o(.text)
    TIM5_IRQHandler                          0x08000267   Thumb Code     0  startup_stm32f407xx.o(.text)
    TIM6_DAC_IRQHandler                      0x08000267   Thumb Code     0  startup_stm32f407xx.o(.text)
    TIM7_IRQHandler                          0x08000267   Thumb Code     0  startup_stm32f407xx.o(.text)
    TIM8_BRK_TIM12_IRQHandler                0x08000267   Thumb Code     0  startup_stm32f407xx.o(.text)
    TIM8_CC_IRQHandler                       0x08000267   Thumb Code     0  startup_stm32f407xx.o(.text)
    TIM8_TRG_COM_TIM14_IRQHandler            0x08000267   Thumb Code     0  startup_stm32f407xx.o(.text)
    TIM8_UP_TIM13_IRQHandler                 0x08000267   Thumb Code     0  startup_stm32f407xx.o(.text)
    UART4_IRQHandler                         0x08000267   Thumb Code     0  startup_stm32f407xx.o(.text)
    UART5_IRQHandler                         0x08000267   Thumb Code     0  startup_stm32f407xx.o(.text)
    USART1_IRQHandler                        0x08000267   Thumb Code     0  startup_stm32f407xx.o(.text)
    USART2_IRQHandler                        0x08000267   Thumb Code     0  startup_stm32f407xx.o(.text)
    USART3_IRQHandler                        0x08000267   Thumb Code     0  startup_stm32f407xx.o(.text)
    USART6_IRQHandler                        0x08000267   Thumb Code     0  startup_stm32f407xx.o(.text)
    WWDG_IRQHandler                          0x08000267   Thumb Code     0  startup_stm32f407xx.o(.text)
    __user_initial_stackheap                 0x08000269   Thumb Code     0  startup_stm32f407xx.o(.text)
    malloc                                   0x0800028d   Thumb Code    94  h1_alloc.o(.text)
    __aeabi_uldivmod                         0x080002eb   Thumb Code     0  lludivv7m.o(.text)
    _ll_udiv                                 0x080002eb   Thumb Code   238  lludivv7m.o(.text)
    __2printf                                0x080003d9   Thumb Code    20  noretval__2printf.o(.text)
    __printf                                 0x080003f1   Thumb Code   104  __printf.o(.text)
    _printf_int_dec                          0x08000459   Thumb Code   104  _printf_dec.o(.text)
    __aeabi_atexit                           0x080004d1   Thumb Code    46  aeabi_atexit.o(.text)
    __aeabi_memclr4                          0x080004ff   Thumb Code     0  rt_memclr_w.o(.text)
    __aeabi_memclr8                          0x080004ff   Thumb Code     0  rt_memclr_w.o(.text)
    __rt_memclr_w                            0x080004ff   Thumb Code    78  rt_memclr_w.o(.text)
    _memset_w                                0x08000503   Thumb Code     0  rt_memclr_w.o(.text)
    strcmp                                   0x0800054d   Thumb Code   128  strcmpv7m.o(.text)
    __use_two_region_memory                  0x080005cd   Thumb Code     2  heapauxi.o(.text)
    __rt_heap_escrow                         0x080005cf   Thumb Code     2  heapauxi.o(.text)
    __rt_heap_expand                         0x080005d1   Thumb Code     2  heapauxi.o(.text)
    __cpp_initialize__aeabi_                 0x080005d5   Thumb Code    26  init_aeabi.o(.text)
    __rt_heap_descriptor                     0x080005f9   Thumb Code     8  rt_heap_descriptor_intlibspace.o(.text)
    __rt_ddtor_pointer_addr                  0x08000601   Thumb Code     8  rt_ddtor_pointer_addr_intlibspace.o(.text)
    __use_no_heap                            0x08000609   Thumb Code     2  hguard.o(.text)
    __heap$guard                             0x0800060b   Thumb Code     2  hguard.o(.text)
    _terminate_user_alloc                    0x0800060d   Thumb Code     2  init_alloc.o(.text)
    _init_user_alloc                         0x0800060f   Thumb Code     2  init_alloc.o(.text)
    __Heap_Full                              0x08000611   Thumb Code    34  init_alloc.o(.text)
    __Heap_Broken                            0x08000633   Thumb Code     6  init_alloc.o(.text)
    _init_alloc                              0x08000639   Thumb Code    94  init_alloc.o(.text)
    __Heap_Initialize                        0x08000697   Thumb Code    10  h1_init.o(.text)
    __Heap_DescSize                          0x080006a1   Thumb Code     4  h1_init.o(.text)
    free                                     0x080006a5   Thumb Code    78  h1_free.o(.text)
    _printf_int_common                       0x080006f3   Thumb Code   178  _printf_intcommon.o(.text)
    _printf_char_file                        0x080007a5   Thumb Code    32  _printf_char_file.o(.text)
    __cxa_finalize                           0x080007c9   Thumb Code    66  cxa_finalize.o(.text)
    __user_libspace                          0x0800080d   Thumb Code     8  libspace.o(.text)
    __user_perproc_libspace                  0x0800080d   Thumb Code     0  libspace.o(.text)
    __user_perthread_libspace                0x0800080d   Thumb Code     0  libspace.o(.text)
    __Heap_ProvideMemory                     0x08000815   Thumb Code    52  h1_extend.o(.text)
    _printf_char_common                      0x08000853   Thumb Code    32  _printf_char_common.o(.text)
    ferror                                   0x08000879   Thumb Code     8  ferror.o(.text)
    _initio                                  0x08000881   Thumb Code   210  initio.o(.text)
    _terminateio                             0x08000953   Thumb Code    56  initio.o(.text)
    __rt_SIGRTMEM                            0x080009b9   Thumb Code    14  defsig_rtmem_outer.o(.text)
    __I$use$semihosting                      0x080009c7   Thumb Code     0  use_no_semi.o(.text)
    __use_no_semihosting_swi                 0x080009c7   Thumb Code     2  use_no_semi.o(.text)
    __semihosting_library_function           0x080009c9   Thumb Code     0  indicate_semi.o(.text)
    __user_setup_stackheap                   0x080009c9   Thumb Code    74  sys_stackheap_outer.o(.text)
    __flsbuf                                 0x08000a13   Thumb Code   470  flsbuf.o(.text)
    __flsbuf_byte                            0x08000a13   Thumb Code     0  flsbuf.o(.text)
    __flsbuf_wide                            0x08000a13   Thumb Code     0  flsbuf.o(.text)
    setvbuf                                  0x08000be9   Thumb Code    70  setvbuf.o(.text)
    freopen                                  0x08000c31   Thumb Code   158  fopen.o(.text)
    fopen                                    0x08000ccf   Thumb Code    74  fopen.o(.text)
    _fclose_internal                         0x08000d1d   Thumb Code    76  fclose.o(.text)
    fclose                                   0x08000d1d   Thumb Code     0  fclose.o(.text)
    exit                                     0x08000d69   Thumb Code    18  exit.o(.text)
    __sig_exit                               0x08000d7b   Thumb Code    10  defsig_exit.o(.text)
    __rt_SIGRTRED                            0x08000d85   Thumb Code    14  defsig_rtred_outer.o(.text)
    __rt_SIGRTMEM_inner                      0x08000d95   Thumb Code    22  defsig_rtmem_inner.o(.text)
    _sys_exit                                0x08000de5   Thumb Code     8  sys_exit.o(.text)
    _fseek                                   0x08000df1   Thumb Code   242  fseek.o(.text)
    fseek                                    0x08000df1   Thumb Code     0  fseek.o(.text)
    _seterr                                  0x08000ee9   Thumb Code    20  stdio.o(.text)
    _writebuf                                0x08000efd   Thumb Code    84  stdio.o(.text)
    _fflush                                  0x08000f51   Thumb Code    70  stdio.o(.text)
    _deferredlazyseek                        0x08000f97   Thumb Code    60  stdio.o(.text)
    __default_signal_display                 0x08000fd9   Thumb Code    50  defsig_general.o(.text)
    __rt_SIGRTRED_inner                      0x0800100d   Thumb Code    14  defsig_rtred_inner.o(.text)
    _ttywrch                                 0x08001041   Thumb Code    14  sys_wrch.o(.text)
    _ftell_internal                          0x0800104f   Thumb Code    66  ftell.o(.text)
    ftell                                    0x0800104f   Thumb Code     0  ftell.o(.text)
    __aeabi_errno_addr                       0x08001091   Thumb Code     8  rt_errno_addr_intlibspace.o(.text)
    __errno$intlibspace                      0x08001091   Thumb Code     0  rt_errno_addr_intlibspace.o(.text)
    __rt_errno_addr$intlibspace              0x08001091   Thumb Code     0  rt_errno_addr_intlibspace.o(.text)
    BusFault_Handler                         0x08001099   Thumb Code     2  stm32f4xx_it.o(i.BusFault_Handler)
    DebugMon_Handler                         0x0800109b   Thumb Code     2  stm32f4xx_it.o(i.DebugMon_Handler)
    EXTI0_IRQHandler                         0x0800109d   Thumb Code     6  stm32f4xx_it.o(i.EXTI0_IRQHandler)
    EXTI1_IRQHandler                         0x080010a3   Thumb Code     6  stm32f4xx_it.o(i.EXTI1_IRQHandler)
    HAL_Delay                                0x080010a9   Thumb Code    32  stm32f4xx_hal.o(i.HAL_Delay)
    HAL_GPIO_EXTI_Callback                   0x080010cd   Thumb Code     6  motor.o(i.HAL_GPIO_EXTI_Callback)
    HAL_GPIO_EXTI_IRQHandler                 0x080010d9   Thumb Code    18  stm32f4xx_hal_gpio.o(i.HAL_GPIO_EXTI_IRQHandler)
    HAL_GPIO_Init                            0x080010f1   Thumb Code   450  stm32f4xx_hal_gpio.o(i.HAL_GPIO_Init)
    HAL_GPIO_ReadPin                         0x080012e1   Thumb Code    10  stm32f4xx_hal_gpio.o(i.HAL_GPIO_ReadPin)
    HAL_GPIO_TogglePin                       0x080012eb   Thumb Code    16  stm32f4xx_hal_gpio.o(i.HAL_GPIO_TogglePin)
    HAL_GPIO_WritePin                        0x080012fb   Thumb Code    10  stm32f4xx_hal_gpio.o(i.HAL_GPIO_WritePin)
    HAL_GetTick                              0x08001305   Thumb Code     6  stm32f4xx_hal.o(i.HAL_GetTick)
    HAL_IncTick                              0x08001311   Thumb Code    12  stm32f4xx_hal.o(i.HAL_IncTick)
    HAL_Init                                 0x08001321   Thumb Code    48  stm32f4xx_hal.o(i.HAL_Init)
    HAL_InitTick                             0x08001355   Thumb Code    54  stm32f4xx_hal.o(i.HAL_InitTick)
    HAL_MspInit                              0x08001395   Thumb Code    42  stm32f4xx_hal_msp.o(i.HAL_MspInit)
    HAL_NVIC_EnableIRQ                       0x080013c5   Thumb Code    26  stm32f4xx_hal_cortex.o(i.HAL_NVIC_EnableIRQ)
    HAL_NVIC_SetPriority                     0x080013e1   Thumb Code    60  stm32f4xx_hal_cortex.o(i.HAL_NVIC_SetPriority)
    HAL_NVIC_SetPriorityGrouping             0x08001421   Thumb Code    26  stm32f4xx_hal_cortex.o(i.HAL_NVIC_SetPriorityGrouping)
    HAL_RCC_ClockConfig                      0x08001445   Thumb Code   288  stm32f4xx_hal_rcc.o(i.HAL_RCC_ClockConfig)
    HAL_RCC_GetSysClockFreq                  0x08001579   Thumb Code    88  stm32f4xx_hal_rcc.o(i.HAL_RCC_GetSysClockFreq)
    HAL_RCC_OscConfig                        0x080015dd   Thumb Code   856  stm32f4xx_hal_rcc.o(i.HAL_RCC_OscConfig)
    HAL_SYSTICK_Config                       0x08001949   Thumb Code    40  stm32f4xx_hal_cortex.o(i.HAL_SYSTICK_Config)
    HAL_TIMEx_BreakCallback                  0x08001971   Thumb Code     2  stm32f4xx_hal_tim_ex.o(i.HAL_TIMEx_BreakCallback)
    HAL_TIMEx_CommutCallback                 0x08001973   Thumb Code     2  stm32f4xx_hal_tim_ex.o(i.HAL_TIMEx_CommutCallback)
    HAL_TIMEx_MasterConfigSynchronization    0x08001975   Thumb Code   116  stm32f4xx_hal_tim_ex.o(i.HAL_TIMEx_MasterConfigSynchronization)
    HAL_TIM_Base_Init                        0x08001a05   Thumb Code    90  stm32f4xx_hal_tim.o(i.HAL_TIM_Base_Init)
    HAL_TIM_Base_MspInit                     0x08001a61   Thumb Code    86  stm32f4xx_hal_msp.o(i.HAL_TIM_Base_MspInit)
    HAL_TIM_Base_Start_IT                    0x08001ac1   Thumb Code   100  stm32f4xx_hal_tim.o(i.HAL_TIM_Base_Start_IT)
    HAL_TIM_ConfigClockSource                0x08001b41   Thumb Code   220  stm32f4xx_hal_tim.o(i.HAL_TIM_ConfigClockSource)
    HAL_TIM_IC_CaptureCallback               0x08001c1d   Thumb Code     2  stm32f4xx_hal_tim.o(i.HAL_TIM_IC_CaptureCallback)
    HAL_TIM_IRQHandler                       0x08001c1f   Thumb Code   358  stm32f4xx_hal_tim.o(i.HAL_TIM_IRQHandler)
    HAL_TIM_OC_DelayElapsedCallback          0x08001d85   Thumb Code     2  stm32f4xx_hal_tim.o(i.HAL_TIM_OC_DelayElapsedCallback)
    HAL_TIM_PWM_PulseFinishedCallback        0x08001d87   Thumb Code     2  stm32f4xx_hal_tim.o(i.HAL_TIM_PWM_PulseFinishedCallback)
    HAL_TIM_PeriodElapsedCallback            0x08001d89   Thumb Code    76  motor.o(i.HAL_TIM_PeriodElapsedCallback)
    HAL_TIM_TriggerCallback                  0x08001de5   Thumb Code     2  stm32f4xx_hal_tim.o(i.HAL_TIM_TriggerCallback)
    HardFault_Handler                        0x08001de7   Thumb Code     2  stm32f4xx_it.o(i.HardFault_Handler)
    MemManage_Handler                        0x08001de9   Thumb Code     2  stm32f4xx_it.o(i.MemManage_Handler)
    NMI_Handler                              0x08001deb   Thumb Code     2  stm32f4xx_it.o(i.NMI_Handler)
    PendSV_Handler                           0x08001ded   Thumb Code     2  stm32f4xx_it.o(i.PendSV_Handler)
    SVC_Handler                              0x08001def   Thumb Code     2  stm32f4xx_it.o(i.SVC_Handler)
    SysTick_Handler                          0x08001df1   Thumb Code     4  stm32f4xx_it.o(i.SysTick_Handler)
    SystemInit                               0x08001df5   Thumb Code    12  system_stm32f4xx.o(i.SystemInit)
    TIM2_IRQHandler                          0x08001e05   Thumb Code     6  stm32f4xx_it.o(i.TIM2_IRQHandler)
    TIM3_IRQHandler                          0x08001e11   Thumb Code     6  stm32f4xx_it.o(i.TIM3_IRQHandler)
    TIM_Base_SetConfig                       0x08001e1d   Thumb Code   156  stm32f4xx_hal_tim.o(i.TIM_Base_SetConfig)
    TIM_ETR_SetConfig                        0x08001ee5   Thumb Code    20  stm32f4xx_hal_tim.o(i.TIM_ETR_SetConfig)
    UsageFault_Handler                       0x08001ef9   Thumb Code     2  stm32f4xx_it.o(i.UsageFault_Handler)
    PWM_Update()                             0x08001efd   Thumb Code   104  pwm.o(i._Z10PWM_Updatev)
    PWM_SetFreq(GPIO_TypeDef*, unsigned short, float, unsigned) 0x08001f69   Thumb Code   150  pwm.o(i._Z11PWM_SetFreqP12GPIO_TypeDeftfj)
    ITM_SendChar(int)                        0x08002009   Thumb Code    32  retarget_io.o(i._Z12ITM_SendChari)
    PWM_Init_Node(PWM*, unsigned short, GPIO_TypeDef*, float, unsigned) 0x0800202d   Thumb Code    68  pwm.o(i._Z13PWM_Init_NodeP3PWMtP12GPIO_TypeDeffj)
    SystemClock_Config()                     0x08002075   Thumb Code   140  main.o(i._Z18SystemClock_Configv)
    PWM_Init()                               0x08002109   Thumb Code    18  pwm.o(i._Z8PWM_Initv)
    PID::SetAIM(double)                      0x080022c5   Thumb Code     6  pid.o(i._ZN3PID6SetAIMEd)
    PID::Update(double)                      0x080022cd   Thumb Code   212  pid.o(i._ZN3PID6UpdateEd)
    PID::PID(double, double, double)         0x080023b1   Thumb Code    26  pid.o(i._ZN3PIDC1Eddd)
    PID::PID__sub_object(double, double, double) 0x080023b1   Thumb Code     0  pid.o(i._ZN3PIDC1Eddd)
    PID::~PID()                              0x080023d5   Thumb Code     2  pid.o(i._ZN3PIDD1Ev)
    PID::~PID__sub_object()                  0x080023d5   Thumb Code     0  pid.o(i._ZN3PIDD1Ev)
    MOTOR::SetVoltage(float)                 0x0800244d   Thumb Code   114  motor.o(i._ZN5MOTOR10SetVoltageEf)
    MOTOR::SetPosition(int)                  0x080024d5   Thumb Code    22  motor.o(i._ZN5MOTOR11SetPositionEi)
    MOTOR::OnEdge()                          0x080024f1   Thumb Code   100  motor.o(i._ZN5MOTOR6OnEdgeEv)
    MOTOR::Position()                        0x08002589   Thumb Code     4  motor.o(i._ZN5MOTOR8PositionEv)
    MOTOR::MOTOR(GPIO_TypeDef*, unsigned short, GPIO_TypeDef*, unsigned short, GPIO_TypeDef*, unsigned short, GPIO_TypeDef*, unsigned short) 0x0800258d   Thumb Code    84  motor.o(i._ZN5MOTORC1EP12GPIO_TypeDeftS1_tS1_tS1_t)
    MOTOR::MOTOR__sub_object(GPIO_TypeDef*, unsigned short, GPIO_TypeDef*, unsigned short, GPIO_TypeDef*, unsigned short, GPIO_TypeDef*, unsigned short) 0x0800258d   Thumb Code     0  motor.o(i._ZN5MOTORC1EP12GPIO_TypeDeftS1_tS1_tS1_t)
    MOTOR::~MOTOR()                          0x080025f1   Thumb Code     2  motor.o(i._ZN5MOTORD1Ev)
    MOTOR::~MOTOR__sub_object()              0x080025f1   Thumb Code     0  motor.o(i._ZN5MOTORD1Ev)
    _sys_close                               0x080026a1   Thumb Code    24  retarget_io.o(i._sys_close)
    _sys_flen                                0x080026b9   Thumb Code    12  retarget_io.o(i._sys_flen)
    _sys_istty                               0x080026c5   Thumb Code    24  retarget_io.o(i._sys_istty)
    _sys_open                                0x080026dd   Thumb Code    68  retarget_io.o(i._sys_open)
    _sys_seek                                0x08002739   Thumb Code     6  retarget_io.o(i._sys_seek)
    _sys_write                               0x0800273f   Thumb Code    60  retarget_io.o(i._sys_write)
    fputc                                    0x0800277b   Thumb Code    26  fputc.o(i.fputc)
    main                                     0x08002795   Thumb Code    96  main.o(i.main)
    __aeabi_dadd                             0x08002809   Thumb Code     0  daddsub_clz.o(x$fpl$dadd)
    _dadd                                    0x08002809   Thumb Code   332  daddsub_clz.o(x$fpl$dadd)
    __fpl_dcmp_Inf                           0x08002959   Thumb Code    24  dcmpi.o(x$fpl$dcmpinf)
    __aeabi_d2iz                             0x08002971   Thumb Code     0  dfix.o(x$fpl$dfix)
    _dfix                                    0x08002971   Thumb Code    94  dfix.o(x$fpl$dfix)
    __aeabi_i2d                              0x080029cf   Thumb Code     0  dflt_clz.o(x$fpl$dflt)
    _dflt                                    0x080029cf   Thumb Code    46  dflt_clz.o(x$fpl$dflt)
    __aeabi_cdcmple                          0x080029fd   Thumb Code     0  dleqf.o(x$fpl$dleqf)
    _dcmple                                  0x080029fd   Thumb Code   120  dleqf.o(x$fpl$dleqf)
    __fpl_dcmple_InfNaN                      0x08002a5f   Thumb Code     0  dleqf.o(x$fpl$dleqf)
    __aeabi_dmul                             0x08002a75   Thumb Code     0  dmul.o(x$fpl$dmul)
    _dmul                                    0x08002a75   Thumb Code   332  dmul.o(x$fpl$dmul)
    __fpl_dnaninf                            0x08002bc9   Thumb Code   156  dnaninf.o(x$fpl$dnaninf)
    __fpl_dretinf                            0x08002c65   Thumb Code    12  dretinf.o(x$fpl$dretinf)
    __aeabi_cdrcmple                         0x08002c71   Thumb Code     0  drleqf.o(x$fpl$drleqf)
    _drcmple                                 0x08002c71   Thumb Code   108  drleqf.o(x$fpl$drleqf)
    __aeabi_dsub                             0x08002cdd   Thumb Code     0  daddsub_clz.o(x$fpl$dsub)
    _dsub                                    0x08002cdd   Thumb Code   464  daddsub_clz.o(x$fpl$dsub)
    _fp_init                                 0x08002eb1   Thumb Code    10  fpinit.o(x$fpl$fpinit)
    __fplib_config_fpu_vfp                   0x08002eb9   Thumb Code     0  fpinit.o(x$fpl$fpinit)
    __fplib_config_pureend_doubles           0x08002eb9   Thumb Code     0  fpinit.o(x$fpl$fpinit)
    AHBPrescTable                            0x08002eba   Data          16  system_stm32f4xx.o(.constdata)
    __I$use$fp                               0x08002eba   Number         0  usenofp.o(x$fpl$usenofp)
    __stdin_name                             0x08002eca   Data           7  retarget_io.o(.constdata)
    __stdout_name                            0x08002ed1   Data           8  retarget_io.o(.constdata)
    __stderr_name                            0x08002ed9   Data           8  retarget_io.o(.constdata)
    Region$$Table$$Base                      0x08002ee4   Number         0  anon$$obj.o(Region$$Table)
    Region$$Table$$Limit                     0x08002f04   Number         0  anon$$obj.o(Region$$Table)
    SHT$$INIT_ARRAY$$Base                    0x08002f04   Number         0  motor.o(.init_array)
    SHT$$INIT_ARRAY$$Limit                   0x08002f08   Number         0  init_aeabi.o(.init_array)
    uwTickFreq                               0x20000000   Data           1  stm32f4xx_hal.o(.data)
    uwTickPrio                               0x20000004   Data           4  stm32f4xx_hal.o(.data)
    uwTick                                   0x20000008   Data           4  stm32f4xx_hal.o(.data)
    SystemCoreClock                          0x2000000c   Data           4  system_stm32f4xx.o(.data)
    states                                   0x20000012   Data           4  motor.o(.data)
    result                                   0x20000018   Data           4  motor.o(.data)
    pos                                      0x2000001c   Data           4  motor.o(.data)
    PWM_L                                    0x20000020   Data           4  pwm.o(.data)
    __aeabi_stdin                            0x20000024   Data           4  stdio_streams.o(.data)
    __aeabi_stdout                           0x20000028   Data           4  stdio_streams.o(.data)
    __aeabi_stderr                           0x2000002c   Data           4  stdio_streams.o(.data)
    htim2                                    0x20000030   Data          72  main.o(.bss)
    htim3                                    0x20000078   Data          72  main.o(.bss)
    motor                                    0x200000c0   Data          44  motor.o(.bss)
    posPID                                   0x200000f0   Data          64  motor.o(.bss)
    speedPID                                 0x20000130   Data          64  motor.o(.bss)
    __stdin                                  0x20000170   Data          84  stdio_streams.o(.bss)
    __stdout                                 0x200001c4   Data          84  stdio_streams.o(.bss)
    __stderr                                 0x20000218   Data          84  stdio_streams.o(.bss)
    __libspace_start                         0x2000026c   Data          96  libspace.o(.bss)
    __temporary_stack_top$libspace           0x200002cc   Data           0  libspace.o(.bss)



==============================================================================

Memory Map of the image

  Image Entry point : 0x08000189

  Load Region LR_IROM1 (Base: 0x08000000, Size: 0x00002f38, Max: 0x00100000, ABSOLUTE)

    Execution Region ER_IROM1 (Exec base: 0x08000000, Load base: 0x08000000, Size: 0x00002f08, Max: 0x00100000, ABSOLUTE)

    Exec Addr    Load Addr    Size         Type   Attr      Idx    E Section Name        Object

    0x08000000   0x08000000   0x00000188   Data   RO            3    RESET               startup_stm32f407xx.o
    0x08000188   0x08000188   0x00000008   Code   RO         3160  * !!!main             c_w.l(__main.o)
    0x08000190   0x08000190   0x00000034   Code   RO         3501    !!!scatter          c_w.l(__scatter.o)
    0x080001c4   0x080001c4   0x0000001a   Code   RO         3503    !!handler_copy      c_w.l(__scatter_copy.o)
    0x080001de   0x080001de   0x00000002   PAD
    0x080001e0   0x080001e0   0x0000001c   Code   RO         3505    !!handler_zi        c_w.l(__scatter_zi.o)
    0x080001fc   0x080001fc   0x00000000   Code   RO         3147    .ARM.Collect$$_printf_percent$$00000000  c_w.l(_printf_percent.o)
    0x080001fc   0x080001fc   0x00000006   Code   RO         3146    .ARM.Collect$$_printf_percent$$00000009  c_w.l(_printf_d.o)
    0x08000202   0x08000202   0x00000004   Code   RO         3237    .ARM.Collect$$_printf_percent$$00000017  c_w.l(_printf_percent_end.o)
    0x08000206   0x08000206   0x00000002   Code   RO         3425    .ARM.Collect$$libinit$$00000000  c_w.l(libinit.o)
    0x08000208   0x08000208   0x00000004   Code   RO         3251    .ARM.Collect$$libinit$$00000001  c_w.l(libinit2.o)
    0x0800020c   0x0800020c   0x00000000   Code   RO         3254    .ARM.Collect$$libinit$$00000004  c_w.l(libinit2.o)
    0x0800020c   0x0800020c   0x00000008   Code   RO         3255    .ARM.Collect$$libinit$$00000005  c_w.l(libinit2.o)
    0x08000214   0x08000214   0x00000000   Code   RO         3257    .ARM.Collect$$libinit$$0000000A  c_w.l(libinit2.o)
    0x08000214   0x08000214   0x00000000   Code   RO         3259    .ARM.Collect$$libinit$$0000000C  c_w.l(libinit2.o)
    0x08000214   0x08000214   0x00000000   Code   RO         3261    .ARM.Collect$$libinit$$0000000E  c_w.l(libinit2.o)
    0x08000214   0x08000214   0x00000000   Code   RO         3264    .ARM.Collect$$libinit$$00000011  c_w.l(libinit2.o)
    0x08000214   0x08000214   0x00000000   Code   RO         3266    .ARM.Collect$$libinit$$00000013  c_w.l(libinit2.o)
    0x08000214   0x08000214   0x00000000   Code   RO         3268    .ARM.Collect$$libinit$$00000015  c_w.l(libinit2.o)
    0x08000214   0x08000214   0x00000000   Code   RO         3270    .ARM.Collect$$libinit$$00000017  c_w.l(libinit2.o)
    0x08000214   0x08000214   0x00000000   Code   RO         3272    .ARM.Collect$$libinit$$00000019  c_w.l(libinit2.o)
    0x08000214   0x08000214   0x00000000   Code   RO         3274    .ARM.Collect$$libinit$$0000001B  c_w.l(libinit2.o)
    0x08000214   0x08000214   0x00000000   Code   RO         3276    .ARM.Collect$$libinit$$0000001D  c_w.l(libinit2.o)
    0x08000214   0x08000214   0x00000000   Code   RO         3278    .ARM.Collect$$libinit$$0000001F  c_w.l(libinit2.o)
    0x08000214   0x08000214   0x00000000   Code   RO         3280    .ARM.Collect$$libinit$$00000021  c_w.l(libinit2.o)
    0x08000214   0x08000214   0x00000000   Code   RO         3282    .ARM.Collect$$libinit$$00000023  c_w.l(libinit2.o)
    0x08000214   0x08000214   0x00000004   Code   RO         3283    .ARM.Collect$$libinit$$00000024  c_w.l(libinit2.o)
    0x08000218   0x08000218   0x00000000   Code   RO         3284    .ARM.Collect$$libinit$$00000025  c_w.l(libinit2.o)
    0x08000218   0x08000218   0x00000000   Code   RO         3288    .ARM.Collect$$libinit$$0000002C  c_w.l(libinit2.o)
    0x08000218   0x08000218   0x00000000   Code   RO         3290    .ARM.Collect$$libinit$$0000002E  c_w.l(libinit2.o)
    0x08000218   0x08000218   0x00000000   Code   RO         3292    .ARM.Collect$$libinit$$00000030  c_w.l(libinit2.o)
    0x08000218   0x08000218   0x00000004   Code   RO         3293    .ARM.Collect$$libinit$$00000031  c_w.l(libinit2.o)
    0x0800021c   0x0800021c   0x00000000   Code   RO         3294    .ARM.Collect$$libinit$$00000032  c_w.l(libinit2.o)
    0x0800021c   0x0800021c   0x00000002   Code   RO         3295    .ARM.Collect$$libinit$$00000033  c_w.l(libinit2.o)
    0x0800021e   0x0800021e   0x00000002   Code   RO         3498    .ARM.Collect$$libshutdown$$00000000  c_w.l(libshutdown.o)
    0x08000220   0x08000220   0x00000000   Code   RO         3359    .ARM.Collect$$libshutdown$$00000002  c_w.l(libshutdown2.o)
    0x08000220   0x08000220   0x00000006   Code   RO         3360    .ARM.Collect$$libshutdown$$00000003  c_w.l(libshutdown2.o)
    0x08000226   0x08000226   0x00000000   Code   RO         3361    .ARM.Collect$$libshutdown$$00000004  c_w.l(libshutdown2.o)
    0x08000226   0x08000226   0x00000004   Code   RO         3362    .ARM.Collect$$libshutdown$$00000005  c_w.l(libshutdown2.o)
    0x0800022a   0x0800022a   0x00000000   Code   RO         3363    .ARM.Collect$$libshutdown$$00000006  c_w.l(libshutdown2.o)
    0x0800022a   0x0800022a   0x00000000   Code   RO         3366    .ARM.Collect$$libshutdown$$00000009  c_w.l(libshutdown2.o)
    0x0800022a   0x0800022a   0x00000000   Code   RO         3369    .ARM.Collect$$libshutdown$$0000000C  c_w.l(libshutdown2.o)
    0x0800022a   0x0800022a   0x00000000   Code   RO         3371    .ARM.Collect$$libshutdown$$0000000E  c_w.l(libshutdown2.o)
    0x0800022a   0x0800022a   0x00000000   Code   RO         3374    .ARM.Collect$$libshutdown$$00000011  c_w.l(libshutdown2.o)
    0x0800022a   0x0800022a   0x00000002   Code   RO         3375    .ARM.Collect$$libshutdown$$00000012  c_w.l(libshutdown2.o)
    0x0800022c   0x0800022c   0x00000000   Code   RO         3192    .ARM.Collect$$rtentry$$00000000  c_w.l(__rtentry.o)
    0x0800022c   0x0800022c   0x00000000   Code   RO         3309    .ARM.Collect$$rtentry$$00000002  c_w.l(__rtentry2.o)
    0x0800022c   0x0800022c   0x00000006   Code   RO         3321    .ARM.Collect$$rtentry$$00000004  c_w.l(__rtentry4.o)
    0x08000232   0x08000232   0x00000000   Code   RO         3311    .ARM.Collect$$rtentry$$00000009  c_w.l(__rtentry2.o)
    0x08000232   0x08000232   0x00000004   Code   RO         3312    .ARM.Collect$$rtentry$$0000000A  c_w.l(__rtentry2.o)
    0x08000236   0x08000236   0x00000000   Code   RO         3314    .ARM.Collect$$rtentry$$0000000C  c_w.l(__rtentry2.o)
    0x08000236   0x08000236   0x00000008   Code   RO         3315    .ARM.Collect$$rtentry$$0000000D  c_w.l(__rtentry2.o)
    0x0800023e   0x0800023e   0x00000002   Code   RO         3430    .ARM.Collect$$rtexit$$00000000  c_w.l(rtexit.o)
    0x08000240   0x08000240   0x00000000   Code   RO         3459    .ARM.Collect$$rtexit$$00000002  c_w.l(rtexit2.o)
    0x08000240   0x08000240   0x00000004   Code   RO         3460    .ARM.Collect$$rtexit$$00000003  c_w.l(rtexit2.o)
    0x08000244   0x08000244   0x00000006   Code   RO         3461    .ARM.Collect$$rtexit$$00000004  c_w.l(rtexit2.o)
    0x0800024a   0x0800024a   0x00000002   PAD
    0x0800024c   0x0800024c   0x00000000   Code   RO         3327    .emb_text           c_w.l(maybetermalloc1.o)
    0x0800024c   0x0800024c   0x00000040   Code   RO            4    .text               startup_stm32f407xx.o
    0x0800028c   0x0800028c   0x0000005e   Code   RO         3062    .text               c_w.l(h1_alloc.o)
    0x080002ea   0x080002ea   0x000000ee   Code   RO         3116    .text               c_w.l(lludivv7m.o)
    0x080003d8   0x080003d8   0x00000018   Code   RO         3120    .text               c_w.l(noretval__2printf.o)
    0x080003f0   0x080003f0   0x00000068   Code   RO         3122    .text               c_w.l(__printf.o)
    0x08000458   0x08000458   0x00000078   Code   RO         3124    .text               c_w.l(_printf_dec.o)
    0x080004d0   0x080004d0   0x0000002e   Code   RO         3151    .text               c_w.l(aeabi_atexit.o)
    0x080004fe   0x080004fe   0x0000004e   Code   RO         3154    .text               c_w.l(rt_memclr_w.o)
    0x0800054c   0x0800054c   0x00000080   Code   RO         3156    .text               c_w.l(strcmpv7m.o)
    0x080005cc   0x080005cc   0x00000006   Code   RO         3158    .text               c_w.l(heapauxi.o)
    0x080005d2   0x080005d2   0x00000002   PAD
    0x080005d4   0x080005d4   0x00000024   Code   RO         3165    .text               c_w.l(init_aeabi.o)
    0x080005f8   0x080005f8   0x00000008   Code   RO         3200    .text               c_w.l(rt_heap_descriptor_intlibspace.o)
    0x08000600   0x08000600   0x00000008   Code   RO         3205    .text               c_w.l(rt_ddtor_pointer_addr_intlibspace.o)
    0x08000608   0x08000608   0x00000004   Code   RO         3207    .text               c_w.l(hguard.o)
    0x0800060c   0x0800060c   0x0000008a   Code   RO         3209    .text               c_w.l(init_alloc.o)
    0x08000696   0x08000696   0x0000000e   Code   RO         3215    .text               c_w.l(h1_init.o)
    0x080006a4   0x080006a4   0x0000004e   Code   RO         3217    .text               c_w.l(h1_free.o)
    0x080006f2   0x080006f2   0x000000b2   Code   RO         3233    .text               c_w.l(_printf_intcommon.o)
    0x080007a4   0x080007a4   0x00000024   Code   RO         3235    .text               c_w.l(_printf_char_file.o)
    0x080007c8   0x080007c8   0x00000042   Code   RO         3244    .text               c_w.l(cxa_finalize.o)
    0x0800080a   0x0800080a   0x00000002   PAD
    0x0800080c   0x0800080c   0x00000008   Code   RO         3305    .text               c_w.l(libspace.o)
    0x08000814   0x08000814   0x00000034   Code   RO         3329    .text               c_w.l(h1_extend.o)
    0x08000848   0x08000848   0x00000030   Code   RO         3333    .text               c_w.l(_printf_char_common.o)
    0x08000878   0x08000878   0x00000008   Code   RO         3335    .text               c_w.l(ferror.o)
    0x08000880   0x08000880   0x00000138   Code   RO         3341    .text               c_w.l(initio.o)
    0x080009b8   0x080009b8   0x0000000e   Code   RO         3349    .text               c_w.l(defsig_rtmem_outer.o)
    0x080009c6   0x080009c6   0x00000002   Code   RO         3378    .text               c_w.l(use_no_semi.o)
    0x080009c8   0x080009c8   0x00000000   Code   RO         3380    .text               c_w.l(indicate_semi.o)
    0x080009c8   0x080009c8   0x0000004a   Code   RO         3381    .text               c_w.l(sys_stackheap_outer.o)
    0x08000a12   0x08000a12   0x000001d6   Code   RO         3389    .text               c_w.l(flsbuf.o)
    0x08000be8   0x08000be8   0x00000046   Code   RO         3391    .text               c_w.l(setvbuf.o)
    0x08000c2e   0x08000c2e   0x00000002   PAD
    0x08000c30   0x08000c30   0x000000ec   Code   RO         3394    .text               c_w.l(fopen.o)
    0x08000d1c   0x08000d1c   0x0000004c   Code   RO         3396    .text               c_w.l(fclose.o)
    0x08000d68   0x08000d68   0x00000012   Code   RO         3402    .text               c_w.l(exit.o)
    0x08000d7a   0x08000d7a   0x0000000a   Code   RO         3404    .text               c_w.l(defsig_exit.o)
    0x08000d84   0x08000d84   0x0000000e   Code   RO         3410    .text               c_w.l(defsig_rtred_outer.o)
    0x08000d92   0x08000d92   0x00000002   PAD
    0x08000d94   0x08000d94   0x00000050   Code   RO         3414    .text               c_w.l(defsig_rtmem_inner.o)
    0x08000de4   0x08000de4   0x0000000c   Code   RO         3428    .text               c_w.l(sys_exit.o)
    0x08000df0   0x08000df0   0x000000f8   Code   RO         3438    .text               c_w.l(fseek.o)
    0x08000ee8   0x08000ee8   0x000000f0   Code   RO         3440    .text               c_w.l(stdio.o)
    0x08000fd8   0x08000fd8   0x00000032   Code   RO         3448    .text               c_w.l(defsig_general.o)
    0x0800100a   0x0800100a   0x00000002   PAD
    0x0800100c   0x0800100c   0x00000034   Code   RO         3452    .text               c_w.l(defsig_rtred_inner.o)
    0x08001040   0x08001040   0x0000000e   Code   RO         3456    .text               c_w.l(sys_wrch.o)
    0x0800104e   0x0800104e   0x00000042   Code   RO         3469    .text               c_w.l(ftell.o)
    0x08001090   0x08001090   0x00000008   Code   RO         3482    .text               c_w.l(rt_errno_addr_intlibspace.o)
    0x08001098   0x08001098   0x00000002   Code   RO          219    i.BusFault_Handler  stm32f4xx_it.o
    0x0800109a   0x0800109a   0x00000002   Code   RO          220    i.DebugMon_Handler  stm32f4xx_it.o
    0x0800109c   0x0800109c   0x00000006   Code   RO          221    i.EXTI0_IRQHandler  stm32f4xx_it.o
    0x080010a2   0x080010a2   0x00000006   Code   RO          222    i.EXTI1_IRQHandler  stm32f4xx_it.o
    0x080010a8   0x080010a8   0x00000024   Code   RO         2458    i.HAL_Delay         stm32f4xx_hal.o
    0x080010cc   0x080010cc   0x0000000c   Code   RO         2785    i.HAL_GPIO_EXTI_Callback  motor.o
    0x080010d8   0x080010d8   0x00000018   Code   RO         1862    i.HAL_GPIO_EXTI_IRQHandler  stm32f4xx_hal_gpio.o
    0x080010f0   0x080010f0   0x000001f0   Code   RO         1863    i.HAL_GPIO_Init     stm32f4xx_hal_gpio.o
    0x080012e0   0x080012e0   0x0000000a   Code   RO         1865    i.HAL_GPIO_ReadPin  stm32f4xx_hal_gpio.o
    0x080012ea   0x080012ea   0x00000010   Code   RO         1866    i.HAL_GPIO_TogglePin  stm32f4xx_hal_gpio.o
    0x080012fa   0x080012fa   0x0000000a   Code   RO         1867    i.HAL_GPIO_WritePin  stm32f4xx_hal_gpio.o
    0x08001304   0x08001304   0x0000000c   Code   RO         2464    i.HAL_GetTick       stm32f4xx_hal.o
    0x08001310   0x08001310   0x00000010   Code   RO         2470    i.HAL_IncTick       stm32f4xx_hal.o
    0x08001320   0x08001320   0x00000034   Code   RO         2471    i.HAL_Init          stm32f4xx_hal.o
    0x08001354   0x08001354   0x00000040   Code   RO         2472    i.HAL_InitTick      stm32f4xx_hal.o
    0x08001394   0x08001394   0x00000030   Code   RO          180    i.HAL_MspInit       stm32f4xx_hal_msp.o
    0x080013c4   0x080013c4   0x0000001a   Code   RO         2302    i.HAL_NVIC_EnableIRQ  stm32f4xx_hal_cortex.o
    0x080013de   0x080013de   0x00000002   PAD
    0x080013e0   0x080013e0   0x00000040   Code   RO         2308    i.HAL_NVIC_SetPriority  stm32f4xx_hal_cortex.o
    0x08001420   0x08001420   0x00000024   Code   RO         2309    i.HAL_NVIC_SetPriorityGrouping  stm32f4xx_hal_cortex.o
    0x08001444   0x08001444   0x00000134   Code   RO         1465    i.HAL_RCC_ClockConfig  stm32f4xx_hal_rcc.o
    0x08001578   0x08001578   0x00000064   Code   RO         1474    i.HAL_RCC_GetSysClockFreq  stm32f4xx_hal_rcc.o
    0x080015dc   0x080015dc   0x0000036c   Code   RO         1477    i.HAL_RCC_OscConfig  stm32f4xx_hal_rcc.o
    0x08001948   0x08001948   0x00000028   Code   RO         2313    i.HAL_SYSTICK_Config  stm32f4xx_hal_cortex.o
    0x08001970   0x08001970   0x00000002   Code   RO         1155    i.HAL_TIMEx_BreakCallback  stm32f4xx_hal_tim_ex.o
    0x08001972   0x08001972   0x00000002   Code   RO         1156    i.HAL_TIMEx_CommutCallback  stm32f4xx_hal_tim_ex.o
    0x08001974   0x08001974   0x00000090   Code   RO         1174    i.HAL_TIMEx_MasterConfigSynchronization  stm32f4xx_hal_tim_ex.o
    0x08001a04   0x08001a04   0x0000005a   Code   RO          334    i.HAL_TIM_Base_Init  stm32f4xx_hal_tim.o
    0x08001a5e   0x08001a5e   0x00000002   PAD
    0x08001a60   0x08001a60   0x00000060   Code   RO          182    i.HAL_TIM_Base_MspInit  stm32f4xx_hal_msp.o
    0x08001ac0   0x08001ac0   0x00000080   Code   RO          339    i.HAL_TIM_Base_Start_IT  stm32f4xx_hal_tim.o
    0x08001b40   0x08001b40   0x000000dc   Code   RO          343    i.HAL_TIM_ConfigClockSource  stm32f4xx_hal_tim.o
    0x08001c1c   0x08001c1c   0x00000002   Code   RO          368    i.HAL_TIM_IC_CaptureCallback  stm32f4xx_hal_tim.o
    0x08001c1e   0x08001c1e   0x00000166   Code   RO          382    i.HAL_TIM_IRQHandler  stm32f4xx_hal_tim.o
    0x08001d84   0x08001d84   0x00000002   Code   RO          385    i.HAL_TIM_OC_DelayElapsedCallback  stm32f4xx_hal_tim.o
    0x08001d86   0x08001d86   0x00000002   Code   RO          412    i.HAL_TIM_PWM_PulseFinishedCallback  stm32f4xx_hal_tim.o
    0x08001d88   0x08001d88   0x0000005c   Code   RO         2786    i.HAL_TIM_PeriodElapsedCallback  motor.o
    0x08001de4   0x08001de4   0x00000002   Code   RO          425    i.HAL_TIM_TriggerCallback  stm32f4xx_hal_tim.o
    0x08001de6   0x08001de6   0x00000002   Code   RO          223    i.HardFault_Handler  stm32f4xx_it.o
    0x08001de8   0x08001de8   0x00000002   Code   RO          224    i.MemManage_Handler  stm32f4xx_it.o
    0x08001dea   0x08001dea   0x00000002   Code   RO          225    i.NMI_Handler       stm32f4xx_it.o
    0x08001dec   0x08001dec   0x00000002   Code   RO          226    i.PendSV_Handler    stm32f4xx_it.o
    0x08001dee   0x08001dee   0x00000002   Code   RO          227    i.SVC_Handler       stm32f4xx_it.o
    0x08001df0   0x08001df0   0x00000004   Code   RO          228    i.SysTick_Handler   stm32f4xx_it.o
    0x08001df4   0x08001df4   0x00000010   Code   RO         2746    i.SystemInit        system_stm32f4xx.o
    0x08001e04   0x08001e04   0x0000000c   Code   RO          229    i.TIM2_IRQHandler   stm32f4xx_it.o
    0x08001e10   0x08001e10   0x0000000c   Code   RO          230    i.TIM3_IRQHandler   stm32f4xx_it.o
    0x08001e1c   0x08001e1c   0x000000c8   Code   RO          427    i.TIM_Base_SetConfig  stm32f4xx_hal_tim.o
    0x08001ee4   0x08001ee4   0x00000014   Code   RO          433    i.TIM_ETR_SetConfig  stm32f4xx_hal_tim.o
    0x08001ef8   0x08001ef8   0x00000002   Code   RO          231    i.UsageFault_Handler  stm32f4xx_it.o
    0x08001efa   0x08001efa   0x00000002   PAD
    0x08001efc   0x08001efc   0x0000006c   Code   RO         2887    i._Z10PWM_Updatev   pwm.o
    0x08001f68   0x08001f68   0x000000a0   Code   RO         2888    i._Z11PWM_SetFreqP12GPIO_TypeDeftfj  pwm.o
    0x08002008   0x08002008   0x00000024   Code   RO         2963    i._Z12ITM_SendChari  retarget_io.o
    0x0800202c   0x0800202c   0x00000048   Code   RO         2889    i._Z13PWM_Init_NodeP3PWMtP12GPIO_TypeDeffj  pwm.o
    0x08002074   0x08002074   0x00000094   Code   RO           14    i._Z18SystemClock_Configv  main.o
    0x08002108   0x08002108   0x00000018   Code   RO         2890    i._Z8PWM_Initv      pwm.o
    0x08002120   0x08002120   0x000000d8   Code   RO           15    i._ZN25_INTERNAL_8_main_cpp_main12MX_GPIO_InitEv  main.o
    0x080021f8   0x080021f8   0x00000064   Code   RO           16    i._ZN25_INTERNAL_8_main_cpp_main12MX_TIM2_InitEv  main.o
    0x0800225c   0x0800225c   0x00000068   Code   RO           17    i._ZN25_INTERNAL_8_main_cpp_main12MX_TIM3_InitEv  main.o
    0x080022c4   0x080022c4   0x00000006   Code   RO         2933    i._ZN3PID6SetAIMEd  pid.o
    0x080022ca   0x080022ca   0x00000002   PAD
    0x080022cc   0x080022cc   0x000000e4   Code   RO         2934    i._ZN3PID6UpdateEd  pid.o
    0x080023b0   0x080023b0   0x00000024   Code   RO         2935    i._ZN3PIDC1Eddd     pid.o
    0x080023d4   0x080023d4   0x00000002   Code   RO         2936    i._ZN3PIDD1Ev       pid.o
    0x080023d6   0x080023d6   0x00000010   Code   RO          441    i._ZN41_INTERNAL_19_stm32f4xx_hal_tim_c_a9d95b5218TIM_ITRx_SetConfigEP11TIM_TypeDefj  stm32f4xx_hal_tim.o
    0x080023e6   0x080023e6   0x00000022   Code   RO          446    i._ZN41_INTERNAL_19_stm32f4xx_hal_tim_c_a9d95b5224TIM_TI1_ConfigInputStageEP11TIM_TypeDefjj  stm32f4xx_hal_tim.o
    0x08002408   0x08002408   0x00000024   Code   RO          447    i._ZN41_INTERNAL_19_stm32f4xx_hal_tim_c_a9d95b5224TIM_TI2_ConfigInputStageEP11TIM_TypeDefjj  stm32f4xx_hal_tim.o
    0x0800242c   0x0800242c   0x00000020   Code   RO         2315    i._ZN44_INTERNAL_22_stm32f4xx_hal_cortex_c_2992dbc018__NVIC_SetPriorityE9IRQn_Typej  stm32f4xx_hal_cortex.o
    0x0800244c   0x0800244c   0x00000088   Code   RO         2787    i._ZN5MOTOR10SetVoltageEf  motor.o
    0x080024d4   0x080024d4   0x0000001c   Code   RO         2788    i._ZN5MOTOR11SetPositionEi  motor.o
    0x080024f0   0x080024f0   0x00000098   Code   RO         2790    i._ZN5MOTOR6OnEdgeEv  motor.o
    0x08002588   0x08002588   0x00000004   Code   RO         2791    i._ZN5MOTOR8PositionEv  motor.o
    0x0800258c   0x0800258c   0x00000064   Code   RO         2793    i._ZN5MOTORC1EP12GPIO_TypeDeftS1_tS1_tS1_t  motor.o
    0x080025f0   0x080025f0   0x00000002   Code   RO         2794    i._ZN5MOTORD1Ev     motor.o
    0x080025f2   0x080025f2   0x00000002   PAD
    0x080025f4   0x080025f4   0x000000ac   Code   RO         2795    i.__sti___9_motor_cpp_states  motor.o
    0x080026a0   0x080026a0   0x00000018   Code   RO         2965    i._sys_close        retarget_io.o
    0x080026b8   0x080026b8   0x0000000c   Code   RO         2966    i._sys_flen         retarget_io.o
    0x080026c4   0x080026c4   0x00000018   Code   RO         2967    i._sys_istty        retarget_io.o
    0x080026dc   0x080026dc   0x0000005c   Code   RO         2968    i._sys_open         retarget_io.o
    0x08002738   0x08002738   0x00000006   Code   RO         2970    i._sys_seek         retarget_io.o
    0x0800273e   0x0800273e   0x0000003c   Code   RO         2971    i._sys_write        retarget_io.o
    0x0800277a   0x0800277a   0x0000001a   Code   RO         3338    i.fputc             c_w.l(fputc.o)
    0x08002794   0x08002794   0x00000074   Code   RO           18    i.main              main.o
    0x08002808   0x08002808   0x00000150   Code   RO         3168    x$fpl$dadd          fz_wm.l(daddsub_clz.o)
    0x08002958   0x08002958   0x00000018   Code   RO         3296    x$fpl$dcmpinf       fz_wm.l(dcmpi.o)
    0x08002970   0x08002970   0x0000005e   Code   RO         3174    x$fpl$dfix          fz_wm.l(dfix.o)
    0x080029ce   0x080029ce   0x0000002e   Code   RO         3179    x$fpl$dflt          fz_wm.l(dflt_clz.o)
    0x080029fc   0x080029fc   0x00000078   Code   RO         3184    x$fpl$dleqf         fz_wm.l(dleqf.o)
    0x08002a74   0x08002a74   0x00000154   Code   RO         3186    x$fpl$dmul          fz_wm.l(dmul.o)
    0x08002bc8   0x08002bc8   0x0000009c   Code   RO         3298    x$fpl$dnaninf       fz_wm.l(dnaninf.o)
    0x08002c64   0x08002c64   0x0000000c   Code   RO         3300    x$fpl$dretinf       fz_wm.l(dretinf.o)
    0x08002c70   0x08002c70   0x0000006c   Code   RO         3188    x$fpl$drleqf        fz_wm.l(drleqf.o)
    0x08002cdc   0x08002cdc   0x000001d4   Code   RO         3170    x$fpl$dsub          fz_wm.l(daddsub_clz.o)
    0x08002eb0   0x08002eb0   0x0000000a   Code   RO         3376    x$fpl$fpinit        fz_wm.l(fpinit.o)
    0x08002eba   0x08002eba   0x00000000   Code   RO         3302    x$fpl$usenofp       fz_wm.l(usenofp.o)
    0x08002eba   0x08002eba   0x00000010   Data   RO         2749    .constdata          system_stm32f4xx.o
    0x08002eca   0x08002eca   0x00000007   Data   RO         2981    .constdata          retarget_io.o
    0x08002ed1   0x08002ed1   0x00000008   Data   RO         2982    .constdata          retarget_io.o
    0x08002ed9   0x08002ed9   0x00000008   Data   RO         2983    .constdata          retarget_io.o
    0x08002ee1   0x08002ee1   0x00000003   PAD
    0x08002ee4   0x08002ee4   0x00000020   Data   RO         3499    Region$$Table       anon$$obj.o
    0x08002f04   0x08002f04   0x00000004   Data   RO         2812    .init_array         motor.o
    0x08002f08   0x08002f04   0x00000000   Data   RO         3163    .init_array         c_w.l(init_aeabi.o)


    Execution Region RW_IRAM1 (Exec base: 0x20000000, Load base: 0x08002f08, Size: 0x000008d0, Max: 0x0001c000, ABSOLUTE)

    Exec Addr    Load Addr    Size         Type   Attr      Idx    E Section Name        Object

    0x20000000   0x08002f08   0x0000000c   Data   RW         2505    .data               stm32f4xx_hal.o
    0x2000000c   0x08002f14   0x00000004   Data   RW         2751    .data               system_stm32f4xx.o
    0x20000010   0x08002f18   0x00000010   Data   RW         2808    .data               motor.o
    0x20000020   0x08002f28   0x00000004   Data   RW         2895    .data               pwm.o
    0x20000024   0x08002f2c   0x00000004   Data   RW         3241    .data               c_w.l(stdio_streams.o)
    0x20000028   0x08002f30   0x00000004   Data   RW         3242    .data               c_w.l(stdio_streams.o)
    0x2000002c   0x08002f34   0x00000004   Data   RW         3243    .data               c_w.l(stdio_streams.o)
    0x20000030        -       0x00000090   Zero   RW           25    .bss                main.o
    0x200000c0        -       0x000000b0   Zero   RW         2807    .bss                motor.o
    0x20000170        -       0x00000054   Zero   RW         3238    .bss                c_w.l(stdio_streams.o)
    0x200001c4        -       0x00000054   Zero   RW         3239    .bss                c_w.l(stdio_streams.o)
    0x20000218        -       0x00000054   Zero   RW         3240    .bss                c_w.l(stdio_streams.o)
    0x2000026c        -       0x00000060   Zero   RW         3306    .bss                c_w.l(libspace.o)
    0x200002cc   0x08002f38   0x00000004   PAD
    0x200002d0        -       0x00000200   Zero   RW            2    HEAP                startup_stm32f407xx.o
    0x200004d0        -       0x00000400   Zero   RW            1    STACK               startup_stm32f407xx.o


    Execution Region RW_IRAM2 (Exec base: 0x2001c000, Load base: 0x08002f38, Size: 0x00000000, Max: 0x00004000, ABSOLUTE)

    **** No section assigned to this execution region ****


==============================================================================

Image component sizes


      Code (inc. data)   RO Data    RW Data    ZI Data      Debug   Object Name

       684         56          0          0        144     686108   main.o
       698        184          4         16        176       6127   motor.o
       272         26          0          0          0       2216   pid.o
       364         24          0          4          0       3226   pwm.o
       254         28         23          0          0       7934   retarget_io.o
        64         26        392          0       1536        856   startup_stm32f407xx.o
       180         28          0         12          0       9525   stm32f4xx_hal.o
       198         14          0          0          0      34019   stm32f4xx_hal_cortex.o
       556         52          0          0          0       4219   stm32f4xx_hal_gpio.o
       144         16          0          0          0       1629   stm32f4xx_hal_msp.o
      1284         52          0          0          0       4122   stm32f4xx_hal_rcc.o
      1110         72          0          0          0      10365   stm32f4xx_hal_tim.o
       148         28          0          0          0       2525   stm32f4xx_hal_tim_ex.o
        56         12          0          0          0       6220   stm32f4xx_it.o
        16          4         16          4          0       1187   system_stm32f4xx.o

    ----------------------------------------------------------------------
      6038        622        470         36       1856     780278   Object Totals
         0          0         32          0          0          0   (incl. Generated)
        10          0          3          0          0          0   (incl. Padding)

    ----------------------------------------------------------------------

      Code (inc. data)   RO Data    RW Data    ZI Data      Debug   Library Member Name

         8          0          0          0          0         68   __main.o
       104          0          0          0          0         84   __printf.o
         0          0          0          0          0          0   __rtentry.o
        12          0          0          0          0          0   __rtentry2.o
         6          0          0          0          0          0   __rtentry4.o
        52          8          0          0          0          0   __scatter.o
        26          0          0          0          0          0   __scatter_copy.o
        28          0          0          0          0          0   __scatter_zi.o
        48          6          0          0          0         96   _printf_char_common.o
        36          4          0          0          0         80   _printf_char_file.o
         6          0          0          0          0          0   _printf_d.o
       120         16          0          0          0         92   _printf_dec.o
       178          0          0          0          0         88   _printf_intcommon.o
         0          0          0          0          0          0   _printf_percent.o
         4          0          0          0          0          0   _printf_percent_end.o
        46          0          0          0          0         84   aeabi_atexit.o
        66          0          0          0          0         84   cxa_finalize.o
        10          0          0          0          0         68   defsig_exit.o
        50          0          0          0          0         88   defsig_general.o
        80         58          0          0          0         76   defsig_rtmem_inner.o
        14          0          0          0          0         80   defsig_rtmem_outer.o
        52         38          0          0          0         76   defsig_rtred_inner.o
        14          0          0          0          0         80   defsig_rtred_outer.o
        18          0          0          0          0         80   exit.o
        76          0          0          0          0         88   fclose.o
         8          0          0          0          0         68   ferror.o
       470          0          0          0          0         88   flsbuf.o
       236          4          0          0          0        128   fopen.o
        26          0          0          0          0         68   fputc.o
       248          6          0          0          0         84   fseek.o
        66          0          0          0          0         76   ftell.o
        94          0          0          0          0         80   h1_alloc.o
        52          0          0          0          0         68   h1_extend.o
        78          0          0          0          0         80   h1_free.o
        14          0          0          0          0         84   h1_init.o
         6          0          0          0          0        152   heapauxi.o
         4          0          0          0          0        136   hguard.o
         0          0          0          0          0          0   indicate_semi.o
        36         10          0          0          0         80   init_aeabi.o
       138          0          0          0          0        168   init_alloc.o
       312         46          0          0          0        112   initio.o
         2          0          0          0          0          0   libinit.o
        22          0          0          0          0          0   libinit2.o
         2          0          0          0          0          0   libshutdown.o
        12          0          0          0          0          0   libshutdown2.o
         8          4          0          0         96         68   libspace.o
       238          0          0          0          0        100   lludivv7m.o
         0          0          0          0          0          0   maybetermalloc1.o
        24          4          0          0          0         84   noretval__2printf.o
         8          4          0          0          0         68   rt_ddtor_pointer_addr_intlibspace.o
         8          4          0          0          0         68   rt_errno_addr_intlibspace.o
         8          4          0          0          0         68   rt_heap_descriptor_intlibspace.o
        78          0          0          0          0         80   rt_memclr_w.o
         2          0          0          0          0          0   rtexit.o
        10          0          0          0          0          0   rtexit2.o
        70          0          0          0          0         80   setvbuf.o
       240          6          0          0          0        156   stdio.o
         0          0          0         12        252          0   stdio_streams.o
       128          0          0          0          0         68   strcmpv7m.o
        12          4          0          0          0         68   sys_exit.o
        74          0          0          0          0         80   sys_stackheap_outer.o
        14          0          0          0          0         76   sys_wrch.o
         2          0          0          0          0         68   use_no_semi.o
       804         16          0          0          0        368   daddsub_clz.o
        24          0          0          0          0        116   dcmpi.o
        94          4          0          0          0        140   dfix.o
        46          0          0          0          0        116   dflt_clz.o
       120          4          0          0          0        140   dleqf.o
       340         12          0          0          0        152   dmul.o
       156          4          0          0          0        140   dnaninf.o
        12          0          0          0          0        116   dretinf.o
       108          0          0          0          0        128   drleqf.o
        10          0          0          0          0        116   fpinit.o
         0          0          0          0          0          0   usenofp.o

    ----------------------------------------------------------------------
      5532        266          0         12        352       5448   Library Totals
        14          0          0          0          4          0   (incl. Padding)

    ----------------------------------------------------------------------

      Code (inc. data)   RO Data    RW Data    ZI Data      Debug   Library Name

      3804        226          0         12        348       3916   c_w.l
      1714         40          0          0          0       1532   fz_wm.l

    ----------------------------------------------------------------------
      5532        266          0         12        352       5448   Library Totals

    ----------------------------------------------------------------------

==============================================================================


      Code (inc. data)   RO Data    RW Data    ZI Data      Debug   

     11570        888        470         48       2208     775642   Grand Totals
     11570        888        470         48       2208     775642   ELF Image Totals
     11570        888        470         48          0          0   ROM Totals

==============================================================================

    Total RO  Size (Code + RO Data)                12040 (  11.76kB)
    Total RW  Size (RW Data + ZI Data)              2256 (   2.20kB)
    Total ROM Size (Code + RO Data + RW Data)      12088 (  11.80kB)

==============================================================================

